May  1 00:09:33 seax liblogging-stdlog:  [origin software="rsyslogd" swVersion="8.24.0" x-pid="315" x-info="http://www.rsyslog.com"] rsyslogd was HUPed
May  1 00:09:33 seax anacron[1578]: Job `cron.daily' terminated
May  1 00:09:33 seax anacron[1578]: Normal exit (1 job run)
May  1 00:09:33 seax systemd[1]: anacron.timer: Adding 4min 41.838604s random time.
May  1 00:17:01 seax CRON[1677]: (root) CMD (   cd / && run-parts --report /etc/cron.hourly)
May  1 01:04:49 seax systemd[1]: Started Run anacron jobs.
May  1 01:04:49 seax anacron[1690]: Anacron 2.3 started on 2018-05-01
May  1 01:04:49 seax anacron[1690]: Normal exit (0 jobs run)
May  1 01:04:49 seax systemd[1]: anacron.timer: Adding 51.905936s random time.
May  1 01:17:01 seax CRON[1695]: (root) CMD (   cd / && run-parts --report /etc/cron.hourly)
May  1 02:01:33 seax systemd[1]: Started Run anacron jobs.
May  1 02:01:33 seax anacron[1708]: Anacron 2.3 started on 2018-05-01
May  1 02:01:33 seax anacron[1708]: Normal exit (0 jobs run)
May  1 02:01:33 seax systemd[1]: anacron.timer: Adding 56.682247s random time.
May  1 02:17:01 seax CRON[1714]: (root) CMD (   cd / && run-parts --report /etc/cron.hourly)
May  1 03:01:33 seax systemd[1]: Started Run anacron jobs.
May  1 03:01:33 seax anacron[1726]: Anacron 2.3 started on 2018-05-01
May  1 03:01:33 seax anacron[1726]: Normal exit (0 jobs run)
May  1 03:01:33 seax systemd[1]: anacron.timer: Adding 1min 51.461873s random time.
May  1 03:17:01 seax CRON[1732]: (root) CMD (   cd / && run-parts --report /etc/cron.hourly)
May  1 03:50:18 seax systemd-timesyncd[278]: Timed out waiting for reply from 213.251.52.234:123 (1.debian.pool.ntp.org).
May  1 03:50:28 seax systemd-timesyncd[278]: Timed out waiting for reply from 147.156.7.18:123 (1.debian.pool.ntp.org).
May  1 03:50:38 seax systemd-timesyncd[278]: Timed out waiting for reply from 193.145.15.15:123 (1.debian.pool.ntp.org).
May  1 03:50:48 seax systemd-timesyncd[278]: Timed out waiting for reply from 147.156.7.26:123 (1.debian.pool.ntp.org).
May  1 03:51:03 seax systemd-timesyncd[278]: Synchronized to time server 213.251.52.234:123 (2.debian.pool.ntp.org).
May  1 04:02:33 seax systemd[1]: Started Run anacron jobs.
May  1 04:02:33 seax anacron[1745]: Anacron 2.3 started on 2018-05-01
May  1 04:02:33 seax anacron[1745]: Normal exit (0 jobs run)
May  1 04:02:33 seax systemd[1]: anacron.timer: Adding 4min 19.049681s random time.
May  1 04:17:02 seax CRON[1751]: (root) CMD (   cd / && run-parts --report /etc/cron.hourly)
May  1 05:04:33 seax systemd[1]: Started Run anacron jobs.
May  1 05:04:33 seax anacron[1764]: Anacron 2.3 started on 2018-05-01
May  1 05:04:33 seax anacron[1764]: Normal exit (0 jobs run)
May  1 05:04:33 seax systemd[1]: anacron.timer: Adding 1min 22.714302s random time.
May  1 05:12:42 seax kernel: [121886.857359] nf_conntrack version 0.5.0 (4096 buckets, 16384 max)
May  1 05:17:01 seax CRON[1786]: (root) CMD (   cd / && run-parts --report /etc/cron.hourly)
May  1 05:19:27 seax systemd[1]: Stopped target Graphical Interface.
May  1 05:19:27 seax systemd[1]: Stopping User Manager for UID 1000...
May  1 05:19:27 seax systemd[1]: Stopped target Timers.
May  1 05:19:27 seax systemd[1]: Stopped Daily Cleanup of Temporary Directories.
May  1 05:19:27 seax systemd[1]: Stopped Trigger anacron every hour.
May  1 05:19:27 seax systemd[842]: Stopped target Default.
May  1 05:19:27 seax systemd[842]: Stopped target Basic System.
May  1 05:19:27 seax systemd[842]: Stopped target Sockets.
May  1 05:19:27 seax systemd[842]: Closed GnuPG cryptographic agent (access for web browsers).
May  1 05:19:27 seax systemd[842]: Closed GnuPG cryptographic agent and passphrase cache (restricted).
May  1 05:19:27 seax systemd[842]: Closed GnuPG cryptographic agent and passphrase cache.
May  1 05:19:27 seax systemd[842]: Closed GnuPG cryptographic agent (ssh-agent emulation).
May  1 05:19:27 seax systemd[842]: Reached target Shutdown.
May  1 05:19:27 seax systemd[842]: Starting Exit the Session...
May  1 05:19:27 seax systemd[842]: Stopped target Timers.
May  1 05:19:27 seax systemd[842]: Stopped target Paths.
May  1 05:19:28 seax kernel: [    0.000000] Linux version 4.9.0-6-686 (debian-kernel@lists.debian.org) (gcc version 6.3.0 20170516 (Debian 6.3.0-18+deb9u1) ) #1 SMP Debian 4.9.82-1+deb9u3 (2018-03-02)
May  1 05:19:28 seax kernel: [    0.000000] x86/fpu: Supporting XSAVE feature 0x001: 'x87 floating point registers'
May  1 05:19:28 seax kernel: [    0.000000] x86/fpu: Supporting XSAVE feature 0x002: 'SSE registers'
May  1 05:19:28 seax kernel: [    0.000000] x86/fpu: Supporting XSAVE feature 0x004: 'AVX registers'
May  1 05:19:28 seax kernel: [    0.000000] x86/fpu: xstate_offset[2]:  576, xstate_sizes[2]:  256
May  1 05:19:28 seax kernel: [    0.000000] x86/fpu: Enabled xstate features 0x7, context size is 832 bytes, using 'standard' format.
May  1 05:19:28 seax kernel: [    0.000000] x86/fpu: Using 'eager' FPU context switches.
May  1 05:19:28 seax kernel: [    0.000000] e820: BIOS-provided physical RAM map:
May  1 05:19:28 seax kernel: [    0.000000] BIOS-e820: [mem 0x0000000000000000-0x000000000009fbff] usable
May  1 05:19:28 seax kernel: [    0.000000] BIOS-e820: [mem 0x000000000009fc00-0x000000000009ffff] reserved
May  1 05:19:28 seax kernel: [    0.000000] BIOS-e820: [mem 0x00000000000f0000-0x00000000000fffff] reserved
May  1 05:19:28 seax kernel: [    0.000000] BIOS-e820: [mem 0x0000000000100000-0x000000000ffeffff] usable
May  1 05:19:28 seax kernel: [    0.000000] BIOS-e820: [mem 0x000000000fff0000-0x000000000fffffff] ACPI data
May  1 05:19:28 seax kernel: [    0.000000] BIOS-e820: [mem 0x00000000fec00000-0x00000000fec00fff] reserved
May  1 05:19:28 seax kernel: [    0.000000] BIOS-e820: [mem 0x00000000fee00000-0x00000000fee00fff] reserved
May  1 05:19:28 seax kernel: [    0.000000] BIOS-e820: [mem 0x00000000fffc0000-0x00000000ffffffff] reserved
May  1 05:19:28 seax kernel: [    0.000000] Notice: NX (Execute Disable) protection missing in CPU!
May  1 05:19:28 seax kernel: [    0.000000] SMBIOS 2.5 present.
May  1 05:19:28 seax kernel: [    0.000000] DMI: innotek GmbH VirtualBox/VirtualBox, BIOS VirtualBox 12/01/2006
May  1 05:19:28 seax kernel: [    0.000000] Hypervisor detected: KVM
May  1 05:19:28 seax kernel: [    0.000000] e820: update [mem 0x00000000-0x00000fff] usable ==> reserved
May  1 05:19:28 seax kernel: [    0.000000] e820: remove [mem 0x000a0000-0x000fffff] usable
May  1 05:19:28 seax kernel: [    0.000000] e820: last_pfn = 0xfff0 max_arch_pfn = 0x100000
May  1 05:19:28 seax kernel: [    0.000000] MTRR default type: uncachable
May  1 05:19:28 seax kernel: [    0.000000] MTRR variable ranges disabled:
May  1 05:19:28 seax kernel: [    0.000000] MTRR: Disabled
May  1 05:19:28 seax kernel: [    0.000000] x86/PAT: MTRRs disabled, skipping PAT initialization too.
May  1 05:19:28 seax kernel: [    0.000000] CPU MTRRs all blank - virtualized system.
May  1 05:19:28 seax kernel: [    0.000000] x86/PAT: Configuration [0-7]: WB  WT  UC- UC  WB  WT  UC- UC  
May  1 05:19:28 seax kernel: [    0.000000] initial memory mapped: [mem 0x00000000-0x06bfffff]
May  1 05:19:28 seax kernel: [    0.000000] Base memory trampoline at [c009b000] 9b000 size 16384
May  1 05:19:28 seax kernel: [    0.000000] BRK [0x0692d000, 0x0692dfff] PGTABLE
May  1 05:19:28 seax kernel: [    0.000000] RAMDISK: [mem 0x0e7f8000-0x0f843fff]
May  1 05:19:28 seax kernel: [    0.000000] ACPI: Early table checksum verification disabled
May  1 05:19:28 seax kernel: [    0.000000] ACPI: RSDP 0x00000000000E0000 000024 (v02 VBOX  )
May  1 05:19:28 seax kernel: [    0.000000] ACPI: XSDT 0x000000000FFF0030 000034 (v01 VBOX   VBOXXSDT 00000001 ASL  00000061)
May  1 05:19:28 seax kernel: [    0.000000] ACPI: FACP 0x000000000FFF00F0 0000F4 (v04 VBOX   VBOXFACP 00000001 ASL  00000061)
May  1 05:19:28 seax kernel: [    0.000000] ACPI: DSDT 0x000000000FFF0410 0021FF (v02 VBOX   VBOXBIOS 00000002 INTL 20100528)
May  1 05:19:28 seax kernel: [    0.000000] ACPI: FACS 0x000000000FFF0200 000040
May  1 05:19:28 seax kernel: [    0.000000] ACPI: FACS 0x000000000FFF0200 000040
May  1 05:19:28 seax kernel: [    0.000000] ACPI: SSDT 0x000000000FFF0240 0001CC (v01 VBOX   VBOXCPUT 00000002 INTL 20100528)
May  1 05:19:28 seax kernel: [    0.000000] 0MB HIGHMEM available.
May  1 05:19:28 seax kernel: [    0.000000] 255MB LOWMEM available.
May  1 05:19:28 seax kernel: [    0.000000]   mapped low ram: 0 - 0fff0000
May  1 05:19:28 seax kernel: [    0.000000]   low ram: 0 - 0fff0000
May  1 05:19:28 seax kernel: [    0.000000] kvm-clock: Using msrs 4b564d01 and 4b564d00
May  1 05:19:28 seax kernel: [    0.000000] kvm-clock: cpu 0, msr 0:ffef001, primary cpu clock
May  1 05:19:28 seax kernel: [    0.000000] kvm-clock: using sched offset of 122311360485209 cycles
May  1 05:19:28 seax kernel: [    0.000000] clocksource: kvm-clock: mask: 0xffffffffffffffff max_cycles: 0x1cd42e4dffb, max_idle_ns: 881590591483 ns
May  1 05:19:28 seax kernel: [    0.000000] Zone ranges:
May  1 05:19:28 seax kernel: [    0.000000]   DMA      [mem 0x0000000000001000-0x0000000000ffffff]
May  1 05:19:28 seax kernel: [    0.000000]   Normal   [mem 0x0000000001000000-0x000000000ffeffff]
May  1 05:19:28 seax kernel: [    0.000000]   HighMem  empty
May  1 05:19:28 seax kernel: [    0.000000] Movable zone start for each node
May  1 05:19:28 seax kernel: [    0.000000] Early memory node ranges
May  1 05:19:28 seax kernel: [    0.000000]   node   0: [mem 0x0000000000001000-0x000000000009efff]
May  1 05:19:28 seax kernel: [    0.000000]   node   0: [mem 0x0000000000100000-0x000000000ffeffff]
May  1 05:19:28 seax kernel: [    0.000000] Initmem setup node 0 [mem 0x0000000000001000-0x000000000ffeffff]
May  1 05:19:28 seax kernel: [    0.000000] On node 0 totalpages: 65422
May  1 05:19:28 seax kernel: [    0.000000] free_area_init_node: node 0, pgdat c67ca440, node_mem_map cfdaf024
May  1 05:19:28 seax kernel: [    0.000000]   DMA zone: 36 pages used for memmap
May  1 05:19:28 seax kernel: [    0.000000]   DMA zone: 0 pages reserved
May  1 05:19:28 seax kernel: [    0.000000]   DMA zone: 3998 pages, LIFO batch:0
May  1 05:19:28 seax kernel: [    0.000000]   Normal zone: 540 pages used for memmap
May  1 05:19:28 seax kernel: [    0.000000]   Normal zone: 61424 pages, LIFO batch:15
May  1 05:19:28 seax kernel: [    0.000000] Using APIC driver default
May  1 05:19:28 seax kernel: [    0.000000] ACPI: PM-Timer IO Port: 0x4008
May  1 05:19:28 seax kernel: [    0.000000] Found and enabled local APIC!
May  1 05:19:28 seax kernel: [    0.000000] smpboot: Boot CPU (id 0) not listed by BIOS
May  1 05:19:28 seax kernel: [    0.000000] smpboot: Allowing 1 CPUs, 0 hotplug CPUs
May  1 05:19:28 seax kernel: [    0.000000] PM: Registered nosave memory: [mem 0x00000000-0x00000fff]
May  1 05:19:28 seax kernel: [    0.000000] PM: Registered nosave memory: [mem 0x0009f000-0x0009ffff]
May  1 05:19:28 seax kernel: [    0.000000] PM: Registered nosave memory: [mem 0x000a0000-0x000effff]
May  1 05:19:28 seax kernel: [    0.000000] PM: Registered nosave memory: [mem 0x000f0000-0x000fffff]
May  1 05:19:28 seax kernel: [    0.000000] e820: [mem 0x10000000-0xfebfffff] available for PCI devices
May  1 05:19:28 seax kernel: [    0.000000] Booting paravirtualized kernel on KVM
May  1 05:19:28 seax kernel: [    0.000000] clocksource: refined-jiffies: mask: 0xffffffff max_cycles: 0xffffffff, max_idle_ns: 7645519600211568 ns
May  1 05:19:28 seax kernel: [    0.000000] setup_percpu: NR_CPUS:32 nr_cpumask_bits:32 nr_cpu_ids:1 nr_node_ids:1
May  1 05:19:28 seax kernel: [    0.000000] percpu: Embedded 19 pages/cpu @cfd99000 s47948 r0 d29876 u77824
May  1 05:19:28 seax kernel: [    0.000000] pcpu-alloc: s47948 r0 d29876 u77824 alloc=19*4096
May  1 05:19:28 seax kernel: [    0.000000] pcpu-alloc: [0] 0 
May  1 05:19:28 seax kernel: [    0.000000] PV qspinlock hash table entries: 512 (order: 0, 4096 bytes)
May  1 05:19:28 seax kernel: [    0.000000] Built 1 zonelists in Zone order, mobility grouping on.  Total pages: 64846
May  1 05:19:28 seax kernel: [    0.000000] Kernel command line: BOOT_IMAGE=/boot/vmlinuz-4.9.0-6-686 root=UUID=d4fbc9c2-8b67-4039-b33f-d81794e0dc19 ro net.ifnames=0 biosdevname=0 quiet
May  1 05:19:28 seax kernel: [    0.000000] PID hash table entries: 1024 (order: 0, 4096 bytes)
May  1 05:19:28 seax kernel: [    0.000000] Dentry cache hash table entries: 32768 (order: 5, 131072 bytes)
May  1 05:19:28 seax kernel: [    0.000000] Inode-cache hash table entries: 16384 (order: 4, 65536 bytes)
May  1 05:19:28 seax kernel: [    0.000000] Initializing CPU#0
May  1 05:19:28 seax kernel: [    0.000000] Initializing HighMem for node 0 (00000000:00000000)
May  1 05:19:28 seax kernel: [    0.000000] Memory: 232916K/261688K available (5723K kernel code, 648K rwdata, 1704K rodata, 716K init, 452K bss, 28772K reserved, 0K cma-reserved, 0K highmem)
May  1 05:19:28 seax kernel: [    0.000000] virtual kernel memory layout:
May  1 05:19:28 seax kernel: [    0.000000]     fixmap  : 0xffd36000 - 0xfffff000   (2852 kB)
May  1 05:19:28 seax kernel: [    0.000000]     pkmap   : 0xff800000 - 0xffc00000   (4096 kB)
May  1 05:19:28 seax kernel: [    0.000000]     vmalloc : 0xd07f0000 - 0xff7fe000   ( 752 MB)
May  1 05:19:28 seax kernel: [    0.000000]     lowmem  : 0xc0000000 - 0xcfff0000   ( 255 MB)
May  1 05:19:28 seax kernel: [    0.000000]       .init : 0xc67e7000 - 0xc689a000   ( 716 kB)
May  1 05:19:28 seax kernel: [    0.000000]       .data : 0xc659710a - 0xc67e5100   (2359 kB)
May  1 05:19:28 seax kernel: [    0.000000]       .text : 0xc6000000 - 0xc659710a   (5724 kB)
May  1 05:19:28 seax kernel: [    0.000000] Checking if this processor honours the WP bit even in supervisor mode...Ok.
May  1 05:19:28 seax kernel: [    0.000000] Hierarchical RCU implementation.
May  1 05:19:28 seax kernel: [    0.000000] 	Build-time adjustment of leaf fanout to 32.
May  1 05:19:28 seax kernel: [    0.000000] 	RCU restricting CPUs from NR_CPUS=32 to nr_cpu_ids=1.
May  1 05:19:28 seax kernel: [    0.000000] RCU: Adjusting geometry for rcu_fanout_leaf=32, nr_cpu_ids=1
May  1 05:19:28 seax kernel: [    0.000000] NR_IRQS:2304 nr_irqs:32 16
May  1 05:19:28 seax kernel: [    0.000000] CPU 0 irqstacks, hard=ce02e000 soft=ce030000
May  1 05:19:28 seax kernel: [    0.000000] Console: colour VGA+ 80x25
May  1 05:19:28 seax kernel: [    0.000000] console [tty0] enabled
May  1 05:19:28 seax kernel: [    0.000000] tsc: Detected 2496.002 MHz processor
May  1 05:19:28 seax kernel: [    0.029395] Calibrating delay loop (skipped) preset value.. 4992.00 BogoMIPS (lpj=9984008)
May  1 05:19:28 seax kernel: [    0.029400] pid_max: default: 32768 minimum: 301
May  1 05:19:28 seax kernel: [    0.029420] ACPI: Core revision 20160831
May  1 05:19:28 seax kernel: [    0.031468] ACPI: 2 ACPI AML tables successfully acquired and loaded
May  1 05:19:28 seax kernel: [    0.031477] ACPI: setting ELCR to 0200 (from 0e00)
May  1 05:19:28 seax kernel: [    0.031505] Security Framework initialized
May  1 05:19:28 seax kernel: [    0.031506] Yama: disabled by default; enable with sysctl kernel.yama.*
May  1 05:19:28 seax kernel: [    0.031511] AppArmor: AppArmor disabled by boot time parameter
May  1 05:19:28 seax kernel: [    0.031522] Mount-cache hash table entries: 1024 (order: 0, 4096 bytes)
May  1 05:19:28 seax kernel: [    0.031524] Mountpoint-cache hash table entries: 1024 (order: 0, 4096 bytes)
May  1 05:19:28 seax kernel: [    0.031751] CPU: Physical Processor ID: 0
May  1 05:19:28 seax kernel: [    0.031767] mce: CPU supports 0 MCE banks
May  1 05:19:28 seax kernel: [    0.031785] process: using mwait in idle threads
May  1 05:19:28 seax kernel: [    0.031797] Last level iTLB entries: 4KB 64, 2MB 8, 4MB 8
May  1 05:19:28 seax kernel: [    0.031798] Last level dTLB entries: 4KB 64, 2MB 0, 4MB 0, 1GB 4
May  1 05:19:28 seax kernel: [    0.031800] Spectre V2 : Mitigation: Full generic retpoline
May  1 05:19:28 seax kernel: [    0.031800] Spectre V2 : Filling RSB on context switch
May  1 05:19:28 seax kernel: [    0.050964] Freeing SMP alternatives memory: 24K
May  1 05:19:28 seax kernel: [    0.059083] ftrace: allocating 23721 entries in 47 pages
May  1 05:19:28 seax kernel: [    0.108061] smpboot: Max logical packages: 1
May  1 05:19:28 seax kernel: [    0.108079] smpboot: SMP motherboard not detected
May  1 05:19:28 seax kernel: [    0.108079] smpboot: SMP disabled
May  1 05:19:28 seax kernel: [    0.108082] Enabling APIC mode:  Flat.  Using 0 I/O APICs
May  1 05:19:28 seax kernel: [    0.212987] Performance Events: unsupported p6 CPU model 78 no PMU driver, software events only.
May  1 05:19:28 seax kernel: [    0.213004] KVM setup paravirtual spinlock
May  1 05:19:28 seax kernel: [    0.213574] x86: Booted up 1 node, 1 CPUs
May  1 05:19:28 seax kernel: [    0.213576] smpboot: Total of 1 processors activated (4992.00 BogoMIPS)
May  1 05:19:28 seax kernel: [    0.213685] devtmpfs: initialized
May  1 05:19:28 seax kernel: [    0.213965] clocksource: jiffies: mask: 0xffffffff max_cycles: 0xffffffff, max_idle_ns: 7645041785100000 ns
May  1 05:19:28 seax kernel: [    0.213969] futex hash table entries: 256 (order: 2, 16384 bytes)
May  1 05:19:28 seax kernel: [    0.213993] pinctrl core: initialized pinctrl subsystem
May  1 05:19:28 seax kernel: [    0.214201] NET: Registered protocol family 16
May  1 05:19:28 seax kernel: [    0.214448] cpuidle: using governor ladder
May  1 05:19:28 seax kernel: [    0.214449] cpuidle: using governor menu
May  1 05:19:28 seax kernel: [    0.214505] ACPI: bus type PCI registered
May  1 05:19:28 seax kernel: [    0.214507] acpiphp: ACPI Hot Plug PCI Controller Driver version: 0.5
May  1 05:19:28 seax kernel: [    0.214664] PCI: PCI BIOS revision 2.10 entry at 0xfda26, last bus=0
May  1 05:19:28 seax kernel: [    0.214665] PCI: Using configuration type 1 for base access
May  1 05:19:28 seax kernel: [    0.215388] HugeTLB registered 4 MB page size, pre-allocated 0 pages
May  1 05:19:28 seax kernel: [    0.215517] ACPI: Added _OSI(Module Device)
May  1 05:19:28 seax kernel: [    0.215518] ACPI: Added _OSI(Processor Device)
May  1 05:19:28 seax kernel: [    0.215518] ACPI: Added _OSI(3.0 _SCP Extensions)
May  1 05:19:28 seax kernel: [    0.215519] ACPI: Added _OSI(Processor Aggregator Device)
May  1 05:19:28 seax kernel: [    0.215769] ACPI: Executed 1 blocks of module-level executable AML code
May  1 05:19:28 seax kernel: [    0.218776] ACPI: Interpreter enabled
May  1 05:19:28 seax kernel: [    0.218790] ACPI: (supports S0 S5)
May  1 05:19:28 seax kernel: [    0.218791] ACPI: Using PIC for interrupt routing
May  1 05:19:28 seax kernel: [    0.218967] PCI: Ignoring host bridge windows from ACPI; if necessary, use "pci=use_crs" and report a bug
May  1 05:19:28 seax kernel: [    0.223598] ACPI: PCI Root Bridge [PCI0] (domain 0000 [bus 00-ff])
May  1 05:19:28 seax kernel: [    0.223602] acpi PNP0A03:00: _OSC: OS supports [ASPM ClockPM Segments MSI]
May  1 05:19:28 seax kernel: [    0.223617] acpi PNP0A03:00: _OSC: not requesting OS control; OS requires [ExtendedConfig ASPM ClockPM MSI]
May  1 05:19:28 seax kernel: [    0.223620] acpi PNP0A03:00: fail to add MMCONFIG information, can't access extended PCI configuration space under this bridge.
May  1 05:19:28 seax kernel: [    0.223685] acpi PNP0A03:00: host bridge window [io  0x0cf8-0x0cff] (ignored)
May  1 05:19:28 seax kernel: [    0.223686] acpi PNP0A03:00: host bridge window [io  0x0000-0x0cf7 window] (ignored)
May  1 05:19:28 seax kernel: [    0.223687] acpi PNP0A03:00: host bridge window [io  0x0d00-0xffff window] (ignored)
May  1 05:19:28 seax kernel: [    0.223689] acpi PNP0A03:00: host bridge window [mem 0x000a0000-0x000bffff window] (ignored)
May  1 05:19:28 seax kernel: [    0.223690] acpi PNP0A03:00: host bridge window [mem 0x10000000-0xfdffffff window] (ignored)
May  1 05:19:28 seax kernel: [    0.223691] PCI: root bus 00: using default resources
May  1 05:19:28 seax kernel: [    0.224004] PCI host bridge to bus 0000:00
May  1 05:19:28 seax kernel: [    0.224007] pci_bus 0000:00: root bus resource [io  0x0000-0xffff]
May  1 05:19:28 seax kernel: [    0.224008] pci_bus 0000:00: root bus resource [mem 0x00000000-0xffffffff]
May  1 05:19:28 seax kernel: [    0.224010] pci_bus 0000:00: root bus resource [bus 00-ff]
May  1 05:19:28 seax kernel: [    0.224071] pci 0000:00:00.0: [8086:1237] type 00 class 0x060000
May  1 05:19:28 seax kernel: [    0.224707] pci 0000:00:01.0: [8086:7000] type 00 class 0x060100
May  1 05:19:28 seax kernel: [    0.226034] pci 0000:00:01.1: [8086:7111] type 00 class 0x01018a
May  1 05:19:28 seax kernel: [    0.226636] pci 0000:00:01.1: reg 0x20: [io  0xd000-0xd00f]
May  1 05:19:28 seax kernel: [    0.227012] pci 0000:00:01.1: legacy IDE quirk: reg 0x10: [io  0x01f0-0x01f7]
May  1 05:19:28 seax kernel: [    0.227014] pci 0000:00:01.1: legacy IDE quirk: reg 0x14: [io  0x03f6]
May  1 05:19:28 seax kernel: [    0.227015] pci 0000:00:01.1: legacy IDE quirk: reg 0x18: [io  0x0170-0x0177]
May  1 05:19:28 seax kernel: [    0.227016] pci 0000:00:01.1: legacy IDE quirk: reg 0x1c: [io  0x0376]
May  1 05:19:28 seax kernel: [    0.227277] pci 0000:00:02.0: [80ee:beef] type 00 class 0x030000
May  1 05:19:28 seax kernel: [    0.227849] pci 0000:00:02.0: reg 0x10: [mem 0xe0000000-0xe0ffffff pref]
May  1 05:19:28 seax kernel: [    0.231145] pci 0000:00:03.0: [8086:100e] type 00 class 0x020000
May  1 05:19:28 seax kernel: [    0.231435] pci 0000:00:03.0: reg 0x10: [mem 0xf0000000-0xf001ffff]
May  1 05:19:28 seax kernel: [    0.231882] pci 0000:00:03.0: reg 0x18: [io  0xd010-0xd017]
May  1 05:19:28 seax kernel: [    0.233222] pci 0000:00:04.0: [80ee:cafe] type 00 class 0x088000
May  1 05:19:28 seax kernel: [    0.233526] pci 0000:00:04.0: reg 0x10: [io  0xd020-0xd03f]
May  1 05:19:28 seax kernel: [    0.233740] pci 0000:00:04.0: reg 0x14: [mem 0xf0400000-0xf07fffff]
May  1 05:19:28 seax kernel: [    0.234036] pci 0000:00:04.0: reg 0x18: [mem 0xf0800000-0xf0803fff pref]
May  1 05:19:28 seax kernel: [    0.235152] pci 0000:00:05.0: [8086:2415] type 00 class 0x040100
May  1 05:19:28 seax kernel: [    0.235251] pci 0000:00:05.0: reg 0x10: [io  0xd100-0xd1ff]
May  1 05:19:28 seax kernel: [    0.235396] pci 0000:00:05.0: reg 0x14: [io  0xd200-0xd23f]
May  1 05:19:28 seax kernel: [    0.236019] pci 0000:00:06.0: [106b:003f] type 00 class 0x0c0310
May  1 05:19:28 seax kernel: [    0.236325] pci 0000:00:06.0: reg 0x10: [mem 0xf0804000-0xf0804fff]
May  1 05:19:28 seax kernel: [    0.238233] pci 0000:00:07.0: [8086:7113] type 00 class 0x068000
May  1 05:19:28 seax kernel: [    0.238667] pci 0000:00:07.0: quirk: [io  0x4000-0x403f] claimed by PIIX4 ACPI
May  1 05:19:28 seax kernel: [    0.238678] pci 0000:00:07.0: quirk: [io  0x4100-0x410f] claimed by PIIX4 SMB
May  1 05:19:28 seax kernel: [    0.239036] pci 0000:00:08.0: [8086:100e] type 00 class 0x020000
May  1 05:19:28 seax kernel: [    0.239442] pci 0000:00:08.0: reg 0x10: [mem 0xf0820000-0xf083ffff]
May  1 05:19:28 seax kernel: [    0.239902] pci 0000:00:08.0: reg 0x18: [io  0xd240-0xd247]
May  1 05:19:28 seax kernel: [    0.241346] pci 0000:00:0b.0: [8086:265c] type 00 class 0x0c0320
May  1 05:19:28 seax kernel: [    0.241595] pci 0000:00:0b.0: reg 0x10: [mem 0xf0840000-0xf0840fff]
May  1 05:19:28 seax kernel: [    0.243755] pci 0000:00:0d.0: [8086:2829] type 00 class 0x010601
May  1 05:19:28 seax kernel: [    0.244102] pci 0000:00:0d.0: reg 0x10: [io  0xd248-0xd24f]
May  1 05:19:28 seax kernel: [    0.244377] pci 0000:00:0d.0: reg 0x14: [io  0xd250-0xd253]
May  1 05:19:28 seax kernel: [    0.244613] pci 0000:00:0d.0: reg 0x18: [io  0xd258-0xd25f]
May  1 05:19:28 seax kernel: [    0.244859] pci 0000:00:0d.0: reg 0x1c: [io  0xd260-0xd263]
May  1 05:19:28 seax kernel: [    0.245134] pci 0000:00:0d.0: reg 0x20: [io  0xd270-0xd27f]
May  1 05:19:28 seax kernel: [    0.245382] pci 0000:00:0d.0: reg 0x24: [mem 0xf0842000-0xf0843fff]
May  1 05:19:28 seax kernel: [    0.246161] pci_bus 0000:00: on NUMA node 0
May  1 05:19:28 seax kernel: [    0.247253] ACPI: PCI Interrupt Link [LNKA] (IRQs 5 9 10 *11)
May  1 05:19:28 seax kernel: [    0.247613] ACPI: PCI Interrupt Link [LNKB] (IRQs 5 9 *10 11)
May  1 05:19:28 seax kernel: [    0.247707] ACPI: PCI Interrupt Link [LNKC] (IRQs 5 *9 10 11)
May  1 05:19:28 seax kernel: [    0.247818] ACPI: PCI Interrupt Link [LNKD] (IRQs 5 9 10 *11)
May  1 05:19:28 seax kernel: [    0.247978] ACPI: Enabled 2 GPEs in block 00 to 07
May  1 05:19:28 seax kernel: [    0.248102] vgaarb: setting as boot device: PCI:0000:00:02.0
May  1 05:19:28 seax kernel: [    0.248103] vgaarb: device added: PCI:0000:00:02.0,decodes=io+mem,owns=io+mem,locks=none
May  1 05:19:28 seax kernel: [    0.248105] vgaarb: loaded
May  1 05:19:28 seax kernel: [    0.248106] vgaarb: bridge control possible 0000:00:02.0
May  1 05:19:28 seax kernel: [    0.248182] PCI: Using ACPI for IRQ routing
May  1 05:19:28 seax kernel: [    0.248183] PCI: pci_cache_line_size set to 64 bytes
May  1 05:19:28 seax kernel: [    0.248473] e820: reserve RAM buffer [mem 0x0009fc00-0x0009ffff]
May  1 05:19:28 seax kernel: [    0.248478] e820: reserve RAM buffer [mem 0x0fff0000-0x0fffffff]
May  1 05:19:28 seax kernel: [    0.248652] clocksource: Switched to clocksource kvm-clock
May  1 05:19:28 seax kernel: [    0.256036] VFS: Disk quotas dquot_6.6.0
May  1 05:19:28 seax kernel: [    0.256049] VFS: Dquot-cache hash table entries: 1024 (order 0, 4096 bytes)
May  1 05:19:28 seax kernel: [    0.256118] pnp: PnP ACPI init
May  1 05:19:28 seax kernel: [    0.256200] pnp 00:00: Plug and Play ACPI device, IDs PNP0303 (active)
May  1 05:19:28 seax kernel: [    0.256264] pnp 00:01: Plug and Play ACPI device, IDs PNP0f03 (active)
May  1 05:19:28 seax kernel: [    0.256992] pnp: PnP ACPI: found 2 devices
May  1 05:19:28 seax kernel: [    0.256999] PnPBIOS: Disabled by ACPI PNP
May  1 05:19:28 seax kernel: [    0.292772] clocksource: acpi_pm: mask: 0xffffff max_cycles: 0xffffff, max_idle_ns: 2085701024 ns
May  1 05:19:28 seax kernel: [    0.292788] pci_bus 0000:00: resource 4 [io  0x0000-0xffff]
May  1 05:19:28 seax kernel: [    0.292790] pci_bus 0000:00: resource 5 [mem 0x00000000-0xffffffff]
May  1 05:19:28 seax kernel: [    0.292874] NET: Registered protocol family 2
May  1 05:19:28 seax kernel: [    0.293048] TCP established hash table entries: 2048 (order: 1, 8192 bytes)
May  1 05:19:28 seax kernel: [    0.293051] TCP bind hash table entries: 2048 (order: 2, 16384 bytes)
May  1 05:19:28 seax kernel: [    0.293054] TCP: Hash tables configured (established 2048 bind 2048)
May  1 05:19:28 seax kernel: [    0.293061] UDP hash table entries: 256 (order: 1, 8192 bytes)
May  1 05:19:28 seax kernel: [    0.293065] UDP-Lite hash table entries: 256 (order: 1, 8192 bytes)
May  1 05:19:28 seax kernel: [    0.293086] NET: Registered protocol family 1
May  1 05:19:28 seax kernel: [    0.293097] pci 0000:00:00.0: Limiting direct PCI/PCI transfers
May  1 05:19:28 seax kernel: [    0.293128] pci 0000:00:01.0: Activating ISA DMA hang workarounds
May  1 05:19:28 seax kernel: [    0.293179] pci 0000:00:02.0: Video device with shadowed ROM at [mem 0x000c0000-0x000dffff]
May  1 05:19:28 seax kernel: [    0.294233] ACPI: PCI Interrupt Link [LNKB] enabled at IRQ 10
May  1 05:19:28 seax kernel: [    0.294234] PCI: setting IRQ 10 as level-triggered
May  1 05:19:28 seax kernel: [    0.295939] ACPI: PCI Interrupt Link [LNKC] enabled at IRQ 9
May  1 05:19:28 seax kernel: [    0.295940] PCI: setting IRQ 9 as level-triggered
May  1 05:19:28 seax kernel: [    0.296570] PCI: CLS 0 bytes, default 64
May  1 05:19:28 seax kernel: [    0.296621] Unpacking initramfs...
May  1 05:19:28 seax kernel: [    0.597131] Freeing initrd memory: 16688K
May  1 05:19:28 seax kernel: [    0.597309] platform rtc_cmos: registered platform RTC device (no PNP device found)
May  1 05:19:28 seax kernel: [    0.597598] audit: initializing netlink subsys (disabled)
May  1 05:19:28 seax kernel: [    0.597612] audit: type=2000 audit(1525288691.966:1): initialized
May  1 05:19:28 seax kernel: [    0.597831] workingset: timestamp_bits=14 max_order=16 bucket_order=2
May  1 05:19:28 seax kernel: [    0.597842] zbud: loaded
May  1 05:19:28 seax kernel: [    0.598226] Block layer SCSI generic (bsg) driver version 0.4 loaded (major 250)
May  1 05:19:28 seax kernel: [    0.598246] io scheduler noop registered
May  1 05:19:28 seax kernel: [    0.598247] io scheduler deadline registered
May  1 05:19:28 seax kernel: [    0.598255] io scheduler cfq registered (default)
May  1 05:19:28 seax kernel: [    0.598312] pci_hotplug: PCI Hot Plug PCI Core version: 0.5
May  1 05:19:28 seax kernel: [    0.598316] pciehp: PCI Express Hot Plug Controller Driver version: 0.4
May  1 05:19:28 seax kernel: [    0.598413] GHES: HEST is not enabled!
May  1 05:19:28 seax kernel: [    0.598427] isapnp: Scanning for PnP cards...
May  1 05:19:28 seax kernel: [    0.957474] isapnp: No Plug & Play device found
May  1 05:19:28 seax kernel: [    0.957555] Serial: 8250/16550 driver, 4 ports, IRQ sharing enabled
May  1 05:19:28 seax kernel: [    0.957982] Linux agpgart interface v0.103
May  1 05:19:28 seax kernel: [    0.958259] i8042: PNP: PS/2 Controller [PNP0303:PS2K,PNP0f03:PS2M] at 0x60,0x64 irq 1,12
May  1 05:19:28 seax kernel: [    0.958617] serio: i8042 KBD port at 0x60,0x64 irq 1
May  1 05:19:28 seax kernel: [    0.958622] serio: i8042 AUX port at 0x60,0x64 irq 12
May  1 05:19:28 seax kernel: [    0.958719] mousedev: PS/2 mouse device common for all mice
May  1 05:19:28 seax kernel: [    0.959039] input: AT Translated Set 2 keyboard as /devices/platform/i8042/serio0/input/input0
May  1 05:19:28 seax kernel: [    0.959419] rtc_cmos rtc_cmos: rtc core: registered rtc_cmos as rtc0
May  1 05:19:28 seax kernel: [    0.959475] rtc_cmos rtc_cmos: alarms up to one day, 114 bytes nvram
May  1 05:19:28 seax kernel: [    0.959512] ledtrig-cpu: registered to indicate activity on CPUs
May  1 05:19:28 seax kernel: [    0.959711] NET: Registered protocol family 10
May  1 05:19:28 seax kernel: [    0.959904] mip6: Mobile IPv6
May  1 05:19:28 seax kernel: [    0.959905] NET: Registered protocol family 17
May  1 05:19:28 seax kernel: [    0.959907] mpls_gso: MPLS GSO support
May  1 05:19:28 seax kernel: [    0.960031] Using IPI No-Shortcut mode
May  1 05:19:28 seax kernel: [    0.960113] registered taskstats version 1
May  1 05:19:28 seax kernel: [    0.960121] zswap: loaded using pool lzo/zbud
May  1 05:19:28 seax kernel: [    0.960193] ima: No TPM chip found, activating TPM-bypass!
May  1 05:19:28 seax kernel: [    0.960560] rtc_cmos rtc_cmos: setting system clock to 2018-04-27 17:48:00 UTC (1524851280)
May  1 05:19:28 seax kernel: [    0.960584] PM: Hibernation image not present or could not be loaded.
May  1 05:19:28 seax kernel: [    0.960691] Freeing unused kernel memory: 716K
May  1 05:19:28 seax kernel: [    0.960721] Write protecting the kernel text: 5728k
May  1 05:19:28 seax kernel: [    0.960748] Write protecting the kernel read-only data: 1708k
May  1 05:19:28 seax kernel: [    0.972486] random: udevadm: uninitialized urandom read (16 bytes read)
May  1 05:19:28 seax kernel: [    0.972667] random: udevadm: uninitialized urandom read (16 bytes read)
May  1 05:19:28 seax kernel: [    0.973031] random: udevadm: uninitialized urandom read (16 bytes read)
May  1 05:19:28 seax kernel: [    0.973098] random: udevadm: uninitialized urandom read (16 bytes read)
May  1 05:19:28 seax kernel: [    0.973327] random: udevadm: uninitialized urandom read (16 bytes read)
May  1 05:19:28 seax kernel: [    0.973384] random: udevadm: uninitialized urandom read (16 bytes read)
May  1 05:19:28 seax kernel: [    0.973440] random: udevadm: uninitialized urandom read (16 bytes read)
May  1 05:19:28 seax kernel: [    0.973496] random: udevadm: uninitialized urandom read (16 bytes read)
May  1 05:19:28 seax kernel: [    0.973551] random: udevadm: uninitialized urandom read (16 bytes read)
May  1 05:19:28 seax kernel: [    0.973958] random: systemd-udevd: uninitialized urandom read (16 bytes read)
May  1 05:19:28 seax kernel: [    0.995335] SCSI subsystem initialized
May  1 05:19:28 seax kernel: [    1.000051] e1000: Intel(R) PRO/1000 Network Driver - version 7.3.21-k8-NAPI
May  1 05:19:28 seax kernel: [    1.000052] e1000: Copyright (c) 1999-2006 Intel Corporation.
May  1 05:19:28 seax kernel: [    1.007355] ACPI: bus type USB registered
May  1 05:19:28 seax kernel: [    1.007374] usbcore: registered new interface driver usbfs
May  1 05:19:28 seax kernel: [    1.007383] usbcore: registered new interface driver hub
May  1 05:19:28 seax kernel: [    1.012246] usbcore: registered new device driver usb
May  1 05:19:28 seax kernel: [    1.012998] ehci_hcd: USB 2.0 'Enhanced' Host Controller (EHCI) Driver
May  1 05:19:28 seax kernel: [    1.013136] ehci-pci: EHCI PCI platform driver
May  1 05:19:28 seax kernel: [    1.013843] ohci_hcd: USB 1.1 'Open' Host Controller (OHCI) Driver
May  1 05:19:28 seax kernel: [    1.023371] libata version 3.00 loaded.
May  1 05:19:28 seax kernel: [    1.221372] psmouse serio1: hgpk: ID: 10 00 64
May  1 05:19:28 seax kernel: [    1.223731] input: ImExPS/2 Generic Explorer Mouse as /devices/platform/i8042/serio1/input/input2
May  1 05:19:28 seax kernel: [    1.405695] e1000 0000:00:03.0 eth0: (PCI:33MHz:32-bit) 08:00:27:10:02:02
May  1 05:19:28 seax kernel: [    1.405700] e1000 0000:00:03.0 eth0: Intel(R) PRO/1000 Network Connection
May  1 05:19:28 seax kernel: [    1.405780] piix4_smbus 0000:00:07.0: SMBus Host Controller at 0x4100, revision 0
May  1 05:19:28 seax kernel: [    1.406481] ehci-pci 0000:00:0b.0: EHCI Host Controller
May  1 05:19:28 seax kernel: [    1.406487] ehci-pci 0000:00:0b.0: new USB bus registered, assigned bus number 1
May  1 05:19:28 seax kernel: [    1.406733] ehci-pci 0000:00:0b.0: irq 9, io mem 0xf0840000
May  1 05:19:28 seax kernel: [    1.421612] ehci-pci 0000:00:0b.0: USB 2.0 started, EHCI 1.00
May  1 05:19:28 seax kernel: [    1.421667] usb usb1: New USB device found, idVendor=1d6b, idProduct=0002
May  1 05:19:28 seax kernel: [    1.421668] usb usb1: New USB device strings: Mfr=3, Product=2, SerialNumber=1
May  1 05:19:28 seax kernel: [    1.421670] usb usb1: Product: EHCI Host Controller
May  1 05:19:28 seax kernel: [    1.421671] usb usb1: Manufacturer: Linux 4.9.0-6-686 ehci_hcd
May  1 05:19:28 seax kernel: [    1.421672] usb usb1: SerialNumber: 0000:00:0b.0
May  1 05:19:28 seax kernel: [    1.421939] hub 1-0:1.0: USB hub found
May  1 05:19:28 seax kernel: [    1.422018] hub 1-0:1.0: 12 ports detected
May  1 05:19:28 seax kernel: [    1.422241] ahci 0000:00:0d.0: version 3.0
May  1 05:19:28 seax kernel: [    1.423517] ACPI: PCI Interrupt Link [LNKA] enabled at IRQ 11
May  1 05:19:28 seax kernel: [    1.423519] PCI: setting IRQ 11 as level-triggered
May  1 05:19:28 seax kernel: [    1.423594] ahci 0000:00:0d.0: SSS flag set, parallel bus scan disabled
May  1 05:19:28 seax kernel: [    1.423723] ahci 0000:00:0d.0: AHCI 0001.0100 32 slots 1 ports 3 Gbps 0x1 impl SATA mode
May  1 05:19:28 seax kernel: [    1.423726] ahci 0000:00:0d.0: flags: 64bit ncq stag only ccc 
May  1 05:19:28 seax kernel: [    1.424129] ohci-pci: OHCI PCI platform driver
May  1 05:19:28 seax kernel: [    1.425598] scsi host0: ahci
May  1 05:19:28 seax kernel: [    1.425661] ata1: SATA max UDMA/133 abar m8192@0xf0842000 port 0xf0842100 irq 11
May  1 05:19:28 seax kernel: [    1.425802] ata_piix 0000:00:01.1: version 2.13
May  1 05:19:28 seax kernel: [    1.426666] scsi host1: ata_piix
May  1 05:19:28 seax kernel: [    1.426815] scsi host2: ata_piix
May  1 05:19:28 seax kernel: [    1.426894] ata2: PATA max UDMA/33 cmd 0x1f0 ctl 0x3f6 bmdma 0xd000 irq 14
May  1 05:19:28 seax kernel: [    1.426896] ata3: PATA max UDMA/33 cmd 0x170 ctl 0x376 bmdma 0xd008 irq 15
May  1 05:19:28 seax kernel: [    1.428381] ACPI: PCI Interrupt Link [LNKD] enabled at IRQ 11
May  1 05:19:28 seax kernel: [    1.589715] ata3.00: ATAPI: VBOX CD-ROM, 1.0, max UDMA/133
May  1 05:19:28 seax kernel: [    1.590094] ata3.00: configured for UDMA/33
May  1 05:19:28 seax kernel: [    1.612409] tsc: Refined TSC clocksource calibration: 2494.035 MHz
May  1 05:19:28 seax kernel: [    1.612412] clocksource: tsc: mask: 0xffffffffffffffff max_cycles: 0x23f336b832b, max_idle_ns: 440795211412 ns
May  1 05:19:28 seax kernel: [    1.740866] ata1: SATA link up 3.0 Gbps (SStatus 123 SControl 300)
May  1 05:19:28 seax kernel: [    1.741081] ata1.00: ATA-6: VBOX HARDDISK, 1.0, max UDMA/133
May  1 05:19:28 seax kernel: [    1.741082] ata1.00: 8388608 sectors, multi 128: LBA48 NCQ (depth 31/32)
May  1 05:19:28 seax kernel: [    1.745869] ata1.00: configured for UDMA/133
May  1 05:19:28 seax kernel: [    1.755220] scsi 0:0:0:0: Direct-Access     ATA      VBOX HARDDISK    1.0  PQ: 0 ANSI: 5
May  1 05:19:28 seax kernel: [    1.756110] scsi 2:0:0:0: CD-ROM            VBOX     CD-ROM           1.0  PQ: 0 ANSI: 5
May  1 05:19:28 seax kernel: [    1.767441] sd 0:0:0:0: [sda] 8388608 512-byte logical blocks: (4.29 GB/4.00 GiB)
May  1 05:19:28 seax kernel: [    1.767466] sd 0:0:0:0: [sda] Write Protect is off
May  1 05:19:28 seax kernel: [    1.767468] sd 0:0:0:0: [sda] Mode Sense: 00 3a 00 00
May  1 05:19:28 seax kernel: [    1.767479] sd 0:0:0:0: [sda] Write cache: enabled, read cache: enabled, doesn't support DPO or FUA
May  1 05:19:28 seax kernel: [    1.773705]  sda: sda1 sda2 < sda5 >
May  1 05:19:28 seax kernel: [    1.774356] sd 0:0:0:0: [sda] Attached SCSI disk
May  1 05:19:28 seax kernel: [    1.794793] random: fast init done
May  1 05:19:28 seax kernel: [    1.822401] e1000 0000:00:08.0 eth1: (PCI:33MHz:32-bit) 08:00:27:10:03:01
May  1 05:19:28 seax kernel: [    1.822404] e1000 0000:00:08.0 eth1: Intel(R) PRO/1000 Network Connection
May  1 05:19:28 seax kernel: [    1.823017] ohci-pci 0000:00:06.0: OHCI PCI host controller
May  1 05:19:28 seax kernel: [    1.823023] ohci-pci 0000:00:06.0: new USB bus registered, assigned bus number 2
May  1 05:19:28 seax kernel: [    1.823057] ohci-pci 0000:00:06.0: irq 10, io mem 0xf0804000
May  1 05:19:28 seax kernel: [    1.881510] usb usb2: New USB device found, idVendor=1d6b, idProduct=0001
May  1 05:19:28 seax kernel: [    1.881512] usb usb2: New USB device strings: Mfr=3, Product=2, SerialNumber=1
May  1 05:19:28 seax kernel: [    1.881513] usb usb2: Product: OHCI PCI host controller
May  1 05:19:28 seax kernel: [    1.881515] usb usb2: Manufacturer: Linux 4.9.0-6-686 ohci_hcd
May  1 05:19:28 seax kernel: [    1.881516] usb usb2: SerialNumber: 0000:00:06.0
May  1 05:19:28 seax kernel: [    1.881788] hub 2-0:1.0: USB hub found
May  1 05:19:28 seax kernel: [    1.881872] hub 2-0:1.0: 12 ports detected
May  1 05:19:28 seax kernel: [    1.897563] sr 2:0:0:0: [sr0] scsi3-mmc drive: 32x/32x xa/form2 tray
May  1 05:19:28 seax kernel: [    1.897564] cdrom: Uniform CD-ROM driver Revision: 3.20
May  1 05:19:28 seax kernel: [    1.898387] sr 2:0:0:0: Attached scsi CD-ROM sr0
May  1 05:19:28 seax kernel: [    2.020199] PM: Starting manual resume from disk
May  1 05:19:28 seax kernel: [    2.020201] PM: Hibernation image partition 8:5 present
May  1 05:19:28 seax kernel: [    2.020202] PM: Looking for hibernation image.
May  1 05:19:28 seax kernel: [    2.020878] PM: Image not found (code -22)
May  1 05:19:28 seax kernel: [    2.020879] PM: Hibernation image not present or could not be loaded.
May  1 05:19:28 seax kernel: [    2.072806] EXT4-fs (sda1): mounted filesystem with ordered data mode. Opts: (null)
May  1 05:19:28 seax kernel: [    2.228318] ip_tables: (C) 2000-2006 Netfilter Core Team
May  1 05:19:28 seax kernel: [    2.288693] usb 2-1: new full-speed USB device number 2 using ohci-pci
May  1 05:19:28 seax kernel: [    2.442117] EXT4-fs (sda1): re-mounted. Opts: errors=remount-ro
May  1 05:19:28 seax kernel: [    2.608827] usb 2-1: New USB device found, idVendor=80ee, idProduct=0021
May  1 05:19:28 seax kernel: [    2.608829] usb 2-1: New USB device strings: Mfr=1, Product=3, SerialNumber=0
May  1 05:19:28 seax kernel: [    2.608830] usb 2-1: Product: USB Tablet
May  1 05:19:28 seax kernel: [    2.608832] usb 2-1: Manufacturer: VirtualBox
May  1 05:19:28 seax kernel: [    2.703596] input: Power Button as /devices/LNXSYSTM:00/LNXPWRBN:00/input/input3
May  1 05:19:28 seax kernel: [    2.703600] ACPI: Power Button [PWRF]
May  1 05:19:28 seax kernel: [    2.703684] input: Sleep Button as /devices/LNXSYSTM:00/LNXSLPBN:00/input/input4
May  1 05:19:28 seax kernel: [    2.703686] ACPI: Sleep Button [SLPF]
May  1 05:19:28 seax kernel: [    2.724669] ACPI: AC Adapter [AC] (on-line)
May  1 05:19:28 seax kernel: [    2.726625] ACPI: Video Device [GFX0] (multi-head: yes  rom: no  post: no)
May  1 05:19:28 seax kernel: [    2.726697] input: Video Bus as /devices/LNXSYSTM:00/LNXSYBUS:00/PNP0A03:00/LNXVIDEO:00/input/input5
May  1 05:19:28 seax kernel: [    2.757000] ACPI: Battery Slot [BAT0] (battery present)
May  1 05:19:28 seax kernel: [    2.788375] e1000 0000:00:03.0 eth-dmz: renamed from eth0
May  1 05:19:28 seax kernel: [    2.790736] e1000 0000:00:08.0 eth-clients: renamed from eth1
May  1 05:19:28 seax kernel: [    2.792794] sd 0:0:0:0: Attached scsi generic sg0 type 0
May  1 05:19:28 seax kernel: [    2.792851] sr 2:0:0:0: Attached scsi generic sg1 type 5
May  1 05:19:28 seax kernel: [    2.802613] input: PC Speaker as /devices/platform/pcspkr/input/input6
May  1 05:19:28 seax kernel: [    2.856906] RAPL PMU: API unit is 2^-32 Joules, 5 fixed counters, 10737418240 ms ovfl timer
May  1 05:19:28 seax kernel: [    2.856907] RAPL PMU: hw unit of domain pp0-core 2^-0 Joules
May  1 05:19:28 seax kernel: [    2.856908] RAPL PMU: hw unit of domain package 2^-0 Joules
May  1 05:19:28 seax kernel: [    2.856909] RAPL PMU: hw unit of domain dram 2^-0 Joules
May  1 05:19:28 seax kernel: [    2.856909] RAPL PMU: hw unit of domain pp1-gpu 2^-0 Joules
May  1 05:19:28 seax kernel: [    2.856910] RAPL PMU: hw unit of domain psys 2^-0 Joules
May  1 05:19:28 seax kernel: [    2.983780] hidraw: raw HID events driver (C) Jiri Kosina
May  1 05:19:28 seax kernel: [    3.015555] usbcore: registered new interface driver usbhid
May  1 05:19:28 seax kernel: [    3.015556] usbhid: USB HID core driver
May  1 05:19:28 seax kernel: [    3.028354] input: VirtualBox USB Tablet as /devices/pci0000:00/0000:00:06.0/usb2/2-1/2-1:1.0/0003:80EE:0021.0001/input/input7
May  1 05:19:28 seax kernel: [    3.028434] hid-generic 0003:80EE:0021.0001: input,hidraw0: USB HID v1.10 Mouse [VirtualBox USB Tablet] on usb-0000:00:06.0-1/input0
May  1 05:19:28 seax kernel: [    3.111817] Adding 522236k swap on /dev/sda5.  Priority:-1 extents:1 across:522236k FS
May  1 05:19:28 seax kernel: [    3.623992] snd_intel8x0 0000:00:05.0: white list rate for 1028:0177 is 48000
May  1 05:19:28 seax kernel: [    3.649075] IPv6: ADDRCONF(NETDEV_UP): eth-clients: link is not ready
May  1 05:19:28 seax kernel: [    3.651357] IPv6: ADDRCONF(NETDEV_UP): eth-dmz: link is not ready
May  1 05:19:28 seax kernel: [    3.657620] e1000: eth-dmz NIC Link is Up 1000 Mbps Full Duplex, Flow Control: RX
May  1 05:19:28 seax kernel: [    3.658098] IPv6: ADDRCONF(NETDEV_CHANGE): eth-dmz: link becomes ready
May  1 05:19:28 seax systemd[1]: Starting Flush Journal to Persistent Storage...
May  1 05:19:28 seax systemd-udevd[198]: Network interface NamePolicy= disabled on kernel command line, ignoring.
May  1 05:19:28 seax systemd[1]: Started Flush Journal to Persistent Storage.
May  1 05:19:28 seax systemd[1]: Started udev Coldplug all Devices.
May  1 05:19:28 seax systemd[1]: Started udev Kernel Device Manager.
May  1 05:19:28 seax systemd[1]: Found device 82540EM Gigabit Ethernet Controller (PRO/1000 MT Desktop Adapter).
May  1 05:19:28 seax systemd[1]: Found device 82540EM Gigabit Ethernet Controller (PRO/1000 MT Desktop Adapter).
May  1 05:19:28 seax systemd[1]: Found device VBOX_HARDDISK 5.
May  1 05:19:28 seax systemd[1]: Activating swap /dev/disk/by-uuid/8d6f2842-03b9-4611-9caa-db73d28fcabb...
May  1 05:19:28 seax systemd[1]: Activated swap /dev/disk/by-uuid/8d6f2842-03b9-4611-9caa-db73d28fcabb.
May  1 05:19:28 seax systemd[1]: Reached target Swap.
May  1 05:19:28 seax systemd[1]: Started Set the console keyboard layout.
May  1 05:19:28 seax systemd[1]: Reached target Local File Systems (Pre).
May  1 05:19:28 seax systemd[1]: Reached target Local File Systems.
May  1 05:19:28 seax systemd[1]: Starting Create Volatile Files and Directories...
May  1 05:19:28 seax systemd[1]: Starting Set console font and keymap...
May  1 05:19:28 seax systemd[1]: Started ifup for eth-clients.
May  1 05:19:28 seax systemd[1]: Started ifup for eth-dmz.
May  1 05:19:28 seax systemd[1]: Starting Raise network interfaces...
May  1 05:19:28 seax systemd[1]: Started Create Volatile Files and Directories.
May  1 05:19:28 seax systemd[1]: Starting Update UTMP about System Boot/Shutdown...
May  1 05:19:28 seax systemd[1]: Starting Network Time Synchronization...
May  1 05:19:28 seax systemd[1]: Started Set console font and keymap.
May  1 05:19:28 seax systemd[1]: Started Update UTMP about System Boot/Shutdown.
May  1 05:19:28 seax systemd-timesyncd[280]: System clock time unset or jumped backwards, restoring from recorded timestamp: Tue 2018-05-01 05:19:27 EDT
May  1 05:19:28 seax systemd[1]: Time has been changed
May  1 05:19:28 seax systemd[1]: Started Network Time Synchronization.
May  1 05:19:28 seax systemd[1]: Reached target System Time Synchronized.
May  1 05:19:28 seax systemd[1]: Reached target System Initialization.
May  1 05:19:28 seax systemd[1]: anacron.timer: Adding 3min 8.042022s random time.
May  1 05:19:28 seax systemd[1]: Started Trigger anacron every hour.
May  1 05:19:28 seax systemd[1]: Started Daily Cleanup of Temporary Directories.
May  1 05:19:28 seax systemd[1]: Listening on D-Bus System Message Bus Socket.
May  1 05:19:28 seax systemd[1]: Reached target Sockets.
May  1 05:19:28 seax systemd[1]: Reached target Basic System.
May  1 05:19:28 seax systemd[1]: Started Regular background program processing daemon.
May  1 05:19:28 seax systemd[1]: Started irqbalance daemon.
May  1 05:19:28 seax systemd[1]: Started D-Bus System Message Bus.
May  1 05:19:28 seax cron[290]: (CRON) INFO (pidfile fd = 3)
May  1 05:19:28 seax cron[290]: (CRON) INFO (Running @reboot jobs)
May  1 05:19:28 seax /usr/sbin/irqbalance: Balancing is ineffective on systems with a single cpu.  Shutting down
May  1 05:19:28 seax sh[259]: RTNETLINK answers: File exists
May  1 05:19:28 seax sh[259]: run-parts: /etc/network/if-up.d/avahi-autoipd exited with return code 2
May  1 05:19:28 seax sh[259]: ifup: failed to bring up eth-dmz
May  1 05:19:28 seax systemd[1]: Started Run anacron jobs.
May  1 05:19:28 seax systemd[1]: anacron.timer: Adding 4min 6.711303s random time.
May  1 05:19:28 seax systemd[1]: anacron.timer: Adding 27.437825s random time.
May  1 05:19:28 seax systemd[1]: apt-daily.timer: Adding 5h 18min 51.667833s random time.
May  1 05:19:28 seax systemd[1]: Started Daily apt download activities.
May  1 05:19:28 seax systemd[1]: apt-daily-upgrade.timer: Adding 50min 57.086694s random time.
May  1 05:19:28 seax systemd[1]: Started Daily apt upgrade and clean activities.
May  1 05:19:28 seax systemd[1]: Reached target Timers.
May  1 05:19:28 seax systemd[1]: Starting System Logging Service...
May  1 05:19:28 seax systemd[1]: Starting Login Service...
May  1 05:19:28 seax systemd[1]: ifup@eth\x2ddmz.service: Main process exited, code=exited, status=1/FAILURE
May  1 05:19:28 seax systemd[1]: Reached target Sound Card.
May  1 05:19:28 seax liblogging-stdlog:  [origin software="rsyslogd" swVersion="8.24.0" x-pid="347" x-info="http://www.rsyslog.com"] start
May  1 05:19:28 seax systemd[1]: Started System Logging Service.
May  1 05:19:28 seax systemd[1]: Started Login Service.
May  1 05:19:28 seax anacron[346]: Anacron 2.3 started on 2018-05-01
May  1 05:19:28 seax anacron[346]: Normal exit (0 jobs run)
May  1 05:19:28 seax systemd[1]: anacron.timer: Adding 3min 32.135339s random time.
May  1 05:19:28 seax sh[258]: eth-clients=eth-clients
May  1 05:19:28 seax systemd[1]: Started Raise network interfaces.
May  1 05:19:28 seax systemd[1]: Reached target Network.
May  1 05:19:28 seax systemd[1]: Starting Permit User Sessions...
May  1 05:19:28 seax systemd[1]: Starting OpenBSD Secure Shell server...
May  1 05:19:28 seax systemd[1]: Reached target Network is Online.
May  1 05:19:28 seax systemd[1]: Starting LSB: exim Mail Transport Agent...
May  1 05:19:28 seax systemd[1]: Starting Daily apt download activities...
May  1 05:19:28 seax systemd[1]: Started Permit User Sessions.
May  1 05:19:28 seax systemd[1]: Started Getty on tty1.
May  1 05:19:28 seax systemd[1]: Reached target Login Prompts.
May  1 05:19:28 seax systemd[1]: Started OpenBSD Secure Shell server.
May  1 05:19:29 seax kernel: [    4.626532] random: crng init done
May  1 05:19:29 seax exim4[379]: Starting MTA: exim4.
May  1 05:19:29 seax systemd[1]: Started LSB: exim Mail Transport Agent.
May  1 05:19:29 seax systemd[1]: Reached target Multi-User System.
May  1 05:19:29 seax systemd[1]: Reached target Graphical Interface.
May  1 05:19:29 seax systemd[1]: Starting Update UTMP about System Runlevel Changes...
May  1 05:19:29 seax systemd[1]: Started Update UTMP about System Runlevel Changes.
May  1 05:19:29 seax systemd[1]: Started Daily apt download activities.
May  1 05:19:29 seax systemd[1]: apt-daily.timer: Adding 9h 43min 59.787993s random time.
May  1 05:19:29 seax systemd[1]: Startup finished in 2.021s (kernel) + 2.911s (userspace) = 4.932s.
May  1 05:19:29 seax systemd[1]: apt-daily.timer: Adding 8h 6min 40.843640s random time.
May  1 05:19:30 seax kernel: [    5.673898] e1000: eth-clients NIC Link is Up 1000 Mbps Full Duplex, Flow Control: RX
May  1 05:19:30 seax kernel: [    5.674222] IPv6: ADDRCONF(NETDEV_CHANGE): eth-clients: link becomes ready
May  1 05:20:11 seax systemd-timesyncd[280]: Synchronized to time server 147.156.7.18:123 (2.debian.pool.ntp.org).
May  1 05:20:11 seax systemd[1]: Time has been changed
May  1 05:20:11 seax systemd[1]: apt-daily-upgrade.timer: Adding 24min 29.039265s random time.
May  1 05:20:11 seax systemd[1]: apt-daily.timer: Adding 10h 32min 7.596613s random time.
May  1 05:20:11 seax systemd[1]: anacron.timer: Adding 1min 36.043044s random time.
May  1 05:22:19 seax systemd[1]: Created slice User Slice of entel.
May  1 05:22:19 seax systemd[1]: Starting User Manager for UID 1000...
May  1 05:22:19 seax systemd[1]: Started Session 1 of user entel.
May  1 05:22:19 seax systemd[685]: Reached target Paths.
May  1 05:22:19 seax systemd[685]: Listening on GnuPG cryptographic agent (access for web browsers).
May  1 05:22:19 seax systemd[685]: Listening on GnuPG cryptographic agent (ssh-agent emulation).
May  1 05:22:19 seax systemd[685]: Listening on GnuPG cryptographic agent and passphrase cache.
May  1 05:22:19 seax systemd[685]: Listening on GnuPG cryptographic agent and passphrase cache (restricted).
May  1 05:22:19 seax systemd[685]: Reached target Sockets.
May  1 05:22:19 seax systemd[685]: Reached target Timers.
May  1 05:22:19 seax systemd[685]: Reached target Basic System.
May  1 05:22:19 seax systemd[685]: Reached target Default.
May  1 05:22:19 seax systemd[685]: Startup finished in 24ms.
May  1 05:22:19 seax systemd[1]: Started User Manager for UID 1000.
May  1 05:35:15 seax systemd[1]: Starting Cleanup of Temporary Directories...
May  1 05:35:15 seax systemd[1]: Started Cleanup of Temporary Directories.
May  1 05:39:56 seax systemd[1]: Stopping Session 1 of user entel.
May  1 05:39:56 seax systemd[1]: Stopped target Timers.
May  1 05:39:56 seax systemd[1]: Stopped target Sound Card.
May  1 05:39:56 seax systemd[1]: Stopping User Manager for UID 1000...
May  1 05:39:56 seax systemd[1]: Stopped target Graphical Interface.
May  1 05:39:56 seax systemd[685]: Stopped target Default.
May  1 05:39:56 seax systemd[685]: Stopped target Basic System.
May  1 05:39:56 seax systemd[685]: Stopped target Timers.
May  1 05:39:56 seax systemd[685]: Stopped target Sockets.
May  1 05:39:56 seax systemd[685]: Closed GnuPG cryptographic agent and passphrase cache (restricted).
May  1 05:39:56 seax systemd[685]: Closed GnuPG cryptographic agent and passphrase cache.
May  1 05:39:56 seax systemd[685]: Closed GnuPG cryptographic agent (access for web browsers).
May  1 05:39:56 seax systemd[685]: Closed GnuPG cryptographic agent (ssh-agent emulation).
May  1 05:39:56 seax kernel: [    0.000000] Linux version 4.9.0-6-686 (debian-kernel@lists.debian.org) (gcc version 6.3.0 20170516 (Debian 6.3.0-18+deb9u1) ) #1 SMP Debian 4.9.82-1+deb9u3 (2018-03-02)
May  1 05:39:56 seax kernel: [    0.000000] x86/fpu: Supporting XSAVE feature 0x001: 'x87 floating point registers'
May  1 05:39:56 seax kernel: [    0.000000] x86/fpu: Supporting XSAVE feature 0x002: 'SSE registers'
May  1 05:39:56 seax kernel: [    0.000000] x86/fpu: Supporting XSAVE feature 0x004: 'AVX registers'
May  1 05:39:56 seax kernel: [    0.000000] x86/fpu: xstate_offset[2]:  576, xstate_sizes[2]:  256
May  1 05:39:56 seax kernel: [    0.000000] x86/fpu: Enabled xstate features 0x7, context size is 832 bytes, using 'standard' format.
May  1 05:39:56 seax kernel: [    0.000000] x86/fpu: Using 'eager' FPU context switches.
May  1 05:39:56 seax kernel: [    0.000000] e820: BIOS-provided physical RAM map:
May  1 05:39:56 seax kernel: [    0.000000] BIOS-e820: [mem 0x0000000000000000-0x000000000009fbff] usable
May  1 05:39:56 seax kernel: [    0.000000] BIOS-e820: [mem 0x000000000009fc00-0x000000000009ffff] reserved
May  1 05:39:56 seax kernel: [    0.000000] BIOS-e820: [mem 0x00000000000f0000-0x00000000000fffff] reserved
May  1 05:39:56 seax kernel: [    0.000000] BIOS-e820: [mem 0x0000000000100000-0x000000000ffeffff] usable
May  1 05:39:56 seax kernel: [    0.000000] BIOS-e820: [mem 0x000000000fff0000-0x000000000fffffff] ACPI data
May  1 05:39:56 seax kernel: [    0.000000] BIOS-e820: [mem 0x00000000fec00000-0x00000000fec00fff] reserved
May  1 05:39:56 seax kernel: [    0.000000] BIOS-e820: [mem 0x00000000fee00000-0x00000000fee00fff] reserved
May  1 05:39:56 seax kernel: [    0.000000] BIOS-e820: [mem 0x00000000fffc0000-0x00000000ffffffff] reserved
May  1 05:39:56 seax kernel: [    0.000000] Notice: NX (Execute Disable) protection missing in CPU!
May  1 05:39:56 seax kernel: [    0.000000] SMBIOS 2.5 present.
May  1 05:39:56 seax kernel: [    0.000000] DMI: innotek GmbH VirtualBox/VirtualBox, BIOS VirtualBox 12/01/2006
May  1 05:39:56 seax kernel: [    0.000000] Hypervisor detected: KVM
May  1 05:39:56 seax kernel: [    0.000000] e820: update [mem 0x00000000-0x00000fff] usable ==> reserved
May  1 05:39:56 seax kernel: [    0.000000] e820: remove [mem 0x000a0000-0x000fffff] usable
May  1 05:39:56 seax kernel: [    0.000000] e820: last_pfn = 0xfff0 max_arch_pfn = 0x100000
May  1 05:39:56 seax kernel: [    0.000000] MTRR default type: uncachable
May  1 05:39:56 seax kernel: [    0.000000] MTRR variable ranges disabled:
May  1 05:39:56 seax kernel: [    0.000000] MTRR: Disabled
May  1 05:39:56 seax kernel: [    0.000000] x86/PAT: MTRRs disabled, skipping PAT initialization too.
May  1 05:39:56 seax kernel: [    0.000000] CPU MTRRs all blank - virtualized system.
May  1 05:39:56 seax kernel: [    0.000000] x86/PAT: Configuration [0-7]: WB  WT  UC- UC  WB  WT  UC- UC  
May  1 05:39:56 seax kernel: [    0.000000] initial memory mapped: [mem 0x00000000-0x0bbfffff]
May  1 05:39:56 seax kernel: [    0.000000] Base memory trampoline at [c009b000] 9b000 size 16384
May  1 05:39:56 seax kernel: [    0.000000] BRK [0x0b941000, 0x0b941fff] PGTABLE
May  1 05:39:56 seax kernel: [    0.000000] RAMDISK: [mem 0x0e7f8000-0x0f843fff]
May  1 05:39:56 seax kernel: [    0.000000] ACPI: Early table checksum verification disabled
May  1 05:39:56 seax kernel: [    0.000000] ACPI: RSDP 0x00000000000E0000 000024 (v02 VBOX  )
May  1 05:39:56 seax kernel: [    0.000000] ACPI: XSDT 0x000000000FFF0030 000034 (v01 VBOX   VBOXXSDT 00000001 ASL  00000061)
May  1 05:39:56 seax kernel: [    0.000000] ACPI: FACP 0x000000000FFF00F0 0000F4 (v04 VBOX   VBOXFACP 00000001 ASL  00000061)
May  1 05:39:56 seax kernel: [    0.000000] ACPI: DSDT 0x000000000FFF0410 0021FF (v02 VBOX   VBOXBIOS 00000002 INTL 20100528)
May  1 05:39:56 seax kernel: [    0.000000] ACPI: FACS 0x000000000FFF0200 000040
May  1 05:39:56 seax kernel: [    0.000000] ACPI: FACS 0x000000000FFF0200 000040
May  1 05:39:56 seax kernel: [    0.000000] ACPI: SSDT 0x000000000FFF0240 0001CC (v01 VBOX   VBOXCPUT 00000002 INTL 20100528)
May  1 05:39:56 seax kernel: [    0.000000] 0MB HIGHMEM available.
May  1 05:39:56 seax kernel: [    0.000000] 255MB LOWMEM available.
May  1 05:39:56 seax kernel: [    0.000000]   mapped low ram: 0 - 0fff0000
May  1 05:39:56 seax kernel: [    0.000000]   low ram: 0 - 0fff0000
May  1 05:39:56 seax kernel: [    0.000000] kvm-clock: Using msrs 4b564d01 and 4b564d00
May  1 05:39:56 seax kernel: [    0.000000] kvm-clock: cpu 0, msr 0:ffef001, primary cpu clock
May  1 05:39:56 seax kernel: [    0.000000] kvm-clock: using sched offset of 123539701340836 cycles
May  1 05:39:56 seax kernel: [    0.000000] clocksource: kvm-clock: mask: 0xffffffffffffffff max_cycles: 0x1cd42e4dffb, max_idle_ns: 881590591483 ns
May  1 05:39:56 seax kernel: [    0.000000] Zone ranges:
May  1 05:39:56 seax kernel: [    0.000000]   DMA      [mem 0x0000000000001000-0x0000000000ffffff]
May  1 05:39:56 seax kernel: [    0.000000]   Normal   [mem 0x0000000001000000-0x000000000ffeffff]
May  1 05:39:56 seax kernel: [    0.000000]   HighMem  empty
May  1 05:39:56 seax kernel: [    0.000000] Movable zone start for each node
May  1 05:39:56 seax kernel: [    0.000000] Early memory node ranges
May  1 05:39:56 seax kernel: [    0.000000]   node   0: [mem 0x0000000000001000-0x000000000009efff]
May  1 05:39:56 seax kernel: [    0.000000]   node   0: [mem 0x0000000000100000-0x000000000ffeffff]
May  1 05:39:56 seax kernel: [    0.000000] Initmem setup node 0 [mem 0x0000000000001000-0x000000000ffeffff]
May  1 05:39:56 seax kernel: [    0.000000] On node 0 totalpages: 65422
May  1 05:39:56 seax kernel: [    0.000000] free_area_init_node: node 0, pgdat cb7ca440, node_mem_map cfdaf024
May  1 05:39:56 seax kernel: [    0.000000]   DMA zone: 36 pages used for memmap
May  1 05:39:56 seax kernel: [    0.000000]   DMA zone: 0 pages reserved
May  1 05:39:56 seax kernel: [    0.000000]   DMA zone: 3998 pages, LIFO batch:0
May  1 05:39:56 seax kernel: [    0.000000]   Normal zone: 540 pages used for memmap
May  1 05:39:56 seax kernel: [    0.000000]   Normal zone: 61424 pages, LIFO batch:15
May  1 05:39:56 seax kernel: [    0.000000] Using APIC driver default
May  1 05:39:56 seax kernel: [    0.000000] ACPI: PM-Timer IO Port: 0x4008
May  1 05:39:56 seax kernel: [    0.000000] Found and enabled local APIC!
May  1 05:39:56 seax kernel: [    0.000000] smpboot: Boot CPU (id 0) not listed by BIOS
May  1 05:39:56 seax kernel: [    0.000000] smpboot: Allowing 1 CPUs, 0 hotplug CPUs
May  1 05:39:56 seax kernel: [    0.000000] PM: Registered nosave memory: [mem 0x00000000-0x00000fff]
May  1 05:39:56 seax kernel: [    0.000000] PM: Registered nosave memory: [mem 0x0009f000-0x0009ffff]
May  1 05:39:56 seax kernel: [    0.000000] PM: Registered nosave memory: [mem 0x000a0000-0x000effff]
May  1 05:39:56 seax kernel: [    0.000000] PM: Registered nosave memory: [mem 0x000f0000-0x000fffff]
May  1 05:39:56 seax kernel: [    0.000000] e820: [mem 0x10000000-0xfebfffff] available for PCI devices
May  1 05:39:56 seax kernel: [    0.000000] Booting paravirtualized kernel on KVM
May  1 05:39:56 seax kernel: [    0.000000] clocksource: refined-jiffies: mask: 0xffffffff max_cycles: 0xffffffff, max_idle_ns: 7645519600211568 ns
May  1 05:39:56 seax kernel: [    0.000000] setup_percpu: NR_CPUS:32 nr_cpumask_bits:32 nr_cpu_ids:1 nr_node_ids:1
May  1 05:39:56 seax kernel: [    0.000000] percpu: Embedded 19 pages/cpu @cfd99000 s47948 r0 d29876 u77824
May  1 05:39:56 seax kernel: [    0.000000] pcpu-alloc: s47948 r0 d29876 u77824 alloc=19*4096
May  1 05:39:56 seax kernel: [    0.000000] pcpu-alloc: [0] 0 
May  1 05:39:56 seax kernel: [    0.000000] PV qspinlock hash table entries: 512 (order: 0, 4096 bytes)
May  1 05:39:56 seax kernel: [    0.000000] Built 1 zonelists in Zone order, mobility grouping on.  Total pages: 64846
May  1 05:39:56 seax kernel: [    0.000000] Kernel command line: BOOT_IMAGE=/boot/vmlinuz-4.9.0-6-686 root=UUID=d4fbc9c2-8b67-4039-b33f-d81794e0dc19 ro net.ifnames=0 biosdevname=0 quiet
May  1 05:39:56 seax kernel: [    0.000000] PID hash table entries: 1024 (order: 0, 4096 bytes)
May  1 05:39:56 seax kernel: [    0.000000] Dentry cache hash table entries: 32768 (order: 5, 131072 bytes)
May  1 05:39:56 seax kernel: [    0.000000] Inode-cache hash table entries: 16384 (order: 4, 65536 bytes)
May  1 05:39:56 seax kernel: [    0.000000] Initializing CPU#0
May  1 05:39:56 seax kernel: [    0.000000] Initializing HighMem for node 0 (00000000:00000000)
May  1 05:39:56 seax kernel: [    0.000000] Memory: 232836K/261688K available (5723K kernel code, 648K rwdata, 1704K rodata, 716K init, 452K bss, 28852K reserved, 0K cma-reserved, 0K highmem)
May  1 05:39:56 seax kernel: [    0.000000] virtual kernel memory layout:
May  1 05:39:56 seax kernel: [    0.000000]     fixmap  : 0xffd36000 - 0xfffff000   (2852 kB)
May  1 05:39:56 seax kernel: [    0.000000]     pkmap   : 0xff800000 - 0xffc00000   (4096 kB)
May  1 05:39:56 seax kernel: [    0.000000]     vmalloc : 0xd07f0000 - 0xff7fe000   ( 752 MB)
May  1 05:39:56 seax kernel: [    0.000000]     lowmem  : 0xc0000000 - 0xcfff0000   ( 255 MB)
May  1 05:39:56 seax kernel: [    0.000000]       .init : 0xcb7e7000 - 0xcb89a000   ( 716 kB)
May  1 05:39:56 seax kernel: [    0.000000]       .data : 0xcb59710a - 0xcb7e5100   (2359 kB)
May  1 05:39:56 seax kernel: [    0.000000]       .text : 0xcb000000 - 0xcb59710a   (5724 kB)
May  1 05:39:56 seax kernel: [    0.000000] Checking if this processor honours the WP bit even in supervisor mode...Ok.
May  1 05:39:56 seax kernel: [    0.000000] Hierarchical RCU implementation.
May  1 05:39:56 seax kernel: [    0.000000] 	Build-time adjustment of leaf fanout to 32.
May  1 05:39:56 seax kernel: [    0.000000] 	RCU restricting CPUs from NR_CPUS=32 to nr_cpu_ids=1.
May  1 05:39:56 seax kernel: [    0.000000] RCU: Adjusting geometry for rcu_fanout_leaf=32, nr_cpu_ids=1
May  1 05:39:56 seax kernel: [    0.000000] NR_IRQS:2304 nr_irqs:32 16
May  1 05:39:56 seax kernel: [    0.000000] CPU 0 irqstacks, hard=ce02e000 soft=ce030000
May  1 05:39:56 seax kernel: [    0.000000] Console: colour VGA+ 80x25
May  1 05:39:56 seax kernel: [    0.000000] console [tty0] enabled
May  1 05:39:56 seax kernel: [    0.000000] tsc: Detected 2496.002 MHz processor
May  1 05:39:56 seax kernel: [    0.033404] Calibrating delay loop (skipped) preset value.. 4992.00 BogoMIPS (lpj=9984008)
May  1 05:39:56 seax kernel: [    0.033409] pid_max: default: 32768 minimum: 301
May  1 05:39:56 seax kernel: [    0.033428] ACPI: Core revision 20160831
May  1 05:39:56 seax kernel: [    0.035726] ACPI: 2 ACPI AML tables successfully acquired and loaded
May  1 05:39:56 seax kernel: [    0.035742] ACPI: setting ELCR to 0200 (from 0e00)
May  1 05:39:56 seax kernel: [    0.035781] Security Framework initialized
May  1 05:39:56 seax kernel: [    0.035782] Yama: disabled by default; enable with sysctl kernel.yama.*
May  1 05:39:56 seax kernel: [    0.035790] AppArmor: AppArmor disabled by boot time parameter
May  1 05:39:56 seax kernel: [    0.035803] Mount-cache hash table entries: 1024 (order: 0, 4096 bytes)
May  1 05:39:56 seax kernel: [    0.035805] Mountpoint-cache hash table entries: 1024 (order: 0, 4096 bytes)
May  1 05:39:56 seax kernel: [    0.036184] CPU: Physical Processor ID: 0
May  1 05:39:56 seax kernel: [    0.036202] mce: CPU supports 0 MCE banks
May  1 05:39:56 seax kernel: [    0.036232] process: using mwait in idle threads
May  1 05:39:56 seax kernel: [    0.036247] Last level iTLB entries: 4KB 64, 2MB 8, 4MB 8
May  1 05:39:56 seax kernel: [    0.036248] Last level dTLB entries: 4KB 64, 2MB 0, 4MB 0, 1GB 4
May  1 05:39:56 seax kernel: [    0.036251] Spectre V2 : Mitigation: Full generic retpoline
May  1 05:39:56 seax kernel: [    0.036252] Spectre V2 : Filling RSB on context switch
May  1 05:39:56 seax kernel: [    0.054916] Freeing SMP alternatives memory: 24K
May  1 05:39:56 seax kernel: [    0.062997] ftrace: allocating 23721 entries in 47 pages
May  1 05:39:56 seax kernel: [    0.112893] smpboot: Max logical packages: 1
May  1 05:39:56 seax kernel: [    0.112904] smpboot: SMP motherboard not detected
May  1 05:39:56 seax kernel: [    0.112905] smpboot: SMP disabled
May  1 05:39:56 seax kernel: [    0.112908] Enabling APIC mode:  Flat.  Using 0 I/O APICs
May  1 05:39:56 seax kernel: [    0.217704] Performance Events: unsupported p6 CPU model 78 no PMU driver, software events only.
May  1 05:39:56 seax kernel: [    0.217721] KVM setup paravirtual spinlock
May  1 05:39:56 seax kernel: [    0.218253] x86: Booted up 1 node, 1 CPUs
May  1 05:39:56 seax kernel: [    0.218255] smpboot: Total of 1 processors activated (4992.00 BogoMIPS)
May  1 05:39:56 seax kernel: [    0.218390] devtmpfs: initialized
May  1 05:39:56 seax kernel: [    0.218678] clocksource: jiffies: mask: 0xffffffff max_cycles: 0xffffffff, max_idle_ns: 7645041785100000 ns
May  1 05:39:56 seax kernel: [    0.218680] futex hash table entries: 256 (order: 2, 16384 bytes)
May  1 05:39:56 seax kernel: [    0.218702] pinctrl core: initialized pinctrl subsystem
May  1 05:39:56 seax kernel: [    0.218804] NET: Registered protocol family 16
May  1 05:39:56 seax kernel: [    0.218985] cpuidle: using governor ladder
May  1 05:39:56 seax kernel: [    0.218986] cpuidle: using governor menu
May  1 05:39:56 seax kernel: [    0.219096] ACPI: bus type PCI registered
May  1 05:39:56 seax kernel: [    0.219098] acpiphp: ACPI Hot Plug PCI Controller Driver version: 0.5
May  1 05:39:56 seax kernel: [    0.219279] PCI: PCI BIOS revision 2.10 entry at 0xfda26, last bus=0
May  1 05:39:56 seax kernel: [    0.219279] PCI: Using configuration type 1 for base access
May  1 05:39:56 seax kernel: [    0.220164] HugeTLB registered 4 MB page size, pre-allocated 0 pages
May  1 05:39:56 seax kernel: [    0.220294] ACPI: Added _OSI(Module Device)
May  1 05:39:56 seax kernel: [    0.220295] ACPI: Added _OSI(Processor Device)
May  1 05:39:56 seax kernel: [    0.220296] ACPI: Added _OSI(3.0 _SCP Extensions)
May  1 05:39:56 seax kernel: [    0.220297] ACPI: Added _OSI(Processor Aggregator Device)
May  1 05:39:56 seax kernel: [    0.220549] ACPI: Executed 1 blocks of module-level executable AML code
May  1 05:39:56 seax kernel: [    0.223419] ACPI: Interpreter enabled
May  1 05:39:56 seax kernel: [    0.223435] ACPI: (supports S0 S5)
May  1 05:39:56 seax kernel: [    0.223436] ACPI: Using PIC for interrupt routing
May  1 05:39:56 seax kernel: [    0.223681] PCI: Ignoring host bridge windows from ACPI; if necessary, use "pci=use_crs" and report a bug
May  1 05:39:56 seax kernel: [    0.229843] ACPI: PCI Root Bridge [PCI0] (domain 0000 [bus 00-ff])
May  1 05:39:56 seax kernel: [    0.229848] acpi PNP0A03:00: _OSC: OS supports [ASPM ClockPM Segments MSI]
May  1 05:39:56 seax kernel: [    0.229863] acpi PNP0A03:00: _OSC: not requesting OS control; OS requires [ExtendedConfig ASPM ClockPM MSI]
May  1 05:39:56 seax kernel: [    0.229866] acpi PNP0A03:00: fail to add MMCONFIG information, can't access extended PCI configuration space under this bridge.
May  1 05:39:56 seax kernel: [    0.229932] acpi PNP0A03:00: host bridge window [io  0x0cf8-0x0cff] (ignored)
May  1 05:39:56 seax kernel: [    0.229933] acpi PNP0A03:00: host bridge window [io  0x0000-0x0cf7 window] (ignored)
May  1 05:39:56 seax kernel: [    0.229935] acpi PNP0A03:00: host bridge window [io  0x0d00-0xffff window] (ignored)
May  1 05:39:56 seax kernel: [    0.229936] acpi PNP0A03:00: host bridge window [mem 0x000a0000-0x000bffff window] (ignored)
May  1 05:39:56 seax kernel: [    0.229937] acpi PNP0A03:00: host bridge window [mem 0x10000000-0xfdffffff window] (ignored)
May  1 05:39:56 seax kernel: [    0.229939] PCI: root bus 00: using default resources
May  1 05:39:56 seax kernel: [    0.230310] PCI host bridge to bus 0000:00
May  1 05:39:56 seax kernel: [    0.230312] pci_bus 0000:00: root bus resource [io  0x0000-0xffff]
May  1 05:39:56 seax kernel: [    0.230314] pci_bus 0000:00: root bus resource [mem 0x00000000-0xffffffff]
May  1 05:39:56 seax kernel: [    0.230315] pci_bus 0000:00: root bus resource [bus 00-ff]
May  1 05:39:56 seax kernel: [    0.230358] pci 0000:00:00.0: [8086:1237] type 00 class 0x060000
May  1 05:39:56 seax kernel: [    0.231042] pci 0000:00:01.0: [8086:7000] type 00 class 0x060100
May  1 05:39:56 seax kernel: [    0.231886] pci 0000:00:01.1: [8086:7111] type 00 class 0x01018a
May  1 05:39:56 seax kernel: [    0.232483] pci 0000:00:01.1: reg 0x20: [io  0xd000-0xd00f]
May  1 05:39:56 seax kernel: [    0.232775] pci 0000:00:01.1: legacy IDE quirk: reg 0x10: [io  0x01f0-0x01f7]
May  1 05:39:56 seax kernel: [    0.232777] pci 0000:00:01.1: legacy IDE quirk: reg 0x14: [io  0x03f6]
May  1 05:39:56 seax kernel: [    0.232778] pci 0000:00:01.1: legacy IDE quirk: reg 0x18: [io  0x0170-0x0177]
May  1 05:39:56 seax kernel: [    0.232780] pci 0000:00:01.1: legacy IDE quirk: reg 0x1c: [io  0x0376]
May  1 05:39:56 seax kernel: [    0.233113] pci 0000:00:02.0: [80ee:beef] type 00 class 0x030000
May  1 05:39:56 seax kernel: [    0.234423] pci 0000:00:02.0: reg 0x10: [mem 0xe0000000-0xe0ffffff pref]
May  1 05:39:56 seax kernel: [    0.238044] pci 0000:00:03.0: [8086:100e] type 00 class 0x020000
May  1 05:39:56 seax kernel: [    0.238377] pci 0000:00:03.0: reg 0x10: [mem 0xf0000000-0xf001ffff]
May  1 05:39:56 seax kernel: [    0.238808] pci 0000:00:03.0: reg 0x18: [io  0xd010-0xd017]
May  1 05:39:56 seax kernel: [    0.240166] pci 0000:00:04.0: [80ee:cafe] type 00 class 0x088000
May  1 05:39:56 seax kernel: [    0.240448] pci 0000:00:04.0: reg 0x10: [io  0xd020-0xd03f]
May  1 05:39:56 seax kernel: [    0.240722] pci 0000:00:04.0: reg 0x14: [mem 0xf0400000-0xf07fffff]
May  1 05:39:56 seax kernel: [    0.240943] pci 0000:00:04.0: reg 0x18: [mem 0xf0800000-0xf0803fff pref]
May  1 05:39:56 seax kernel: [    0.242066] pci 0000:00:05.0: [8086:2415] type 00 class 0x040100
May  1 05:39:56 seax kernel: [    0.242170] pci 0000:00:05.0: reg 0x10: [io  0xd100-0xd1ff]
May  1 05:39:56 seax kernel: [    0.242242] pci 0000:00:05.0: reg 0x14: [io  0xd200-0xd23f]
May  1 05:39:56 seax kernel: [    0.242883] pci 0000:00:06.0: [106b:003f] type 00 class 0x0c0310
May  1 05:39:56 seax kernel: [    0.243175] pci 0000:00:06.0: reg 0x10: [mem 0xf0804000-0xf0804fff]
May  1 05:39:56 seax kernel: [    0.244669] pci 0000:00:07.0: [8086:7113] type 00 class 0x068000
May  1 05:39:56 seax kernel: [    0.245066] pci 0000:00:07.0: quirk: [io  0x4000-0x403f] claimed by PIIX4 ACPI
May  1 05:39:56 seax kernel: [    0.245077] pci 0000:00:07.0: quirk: [io  0x4100-0x410f] claimed by PIIX4 SMB
May  1 05:39:56 seax kernel: [    0.245414] pci 0000:00:08.0: [8086:100e] type 00 class 0x020000
May  1 05:39:56 seax kernel: [    0.245834] pci 0000:00:08.0: reg 0x10: [mem 0xf0820000-0xf083ffff]
May  1 05:39:56 seax kernel: [    0.246253] pci 0000:00:08.0: reg 0x18: [io  0xd240-0xd247]
May  1 05:39:56 seax kernel: [    0.247584] pci 0000:00:0b.0: [8086:265c] type 00 class 0x0c0320
May  1 05:39:56 seax kernel: [    0.247822] pci 0000:00:0b.0: reg 0x10: [mem 0xf0840000-0xf0840fff]
May  1 05:39:56 seax kernel: [    0.249417] pci 0000:00:0d.0: [8086:2829] type 00 class 0x010601
May  1 05:39:56 seax kernel: [    0.249787] pci 0000:00:0d.0: reg 0x10: [io  0xd248-0xd24f]
May  1 05:39:56 seax kernel: [    0.250001] pci 0000:00:0d.0: reg 0x14: [io  0xd250-0xd253]
May  1 05:39:56 seax kernel: [    0.250264] pci 0000:00:0d.0: reg 0x18: [io  0xd258-0xd25f]
May  1 05:39:56 seax kernel: [    0.250500] pci 0000:00:0d.0: reg 0x1c: [io  0xd260-0xd263]
May  1 05:39:56 seax kernel: [    0.250808] pci 0000:00:0d.0: reg 0x20: [io  0xd270-0xd27f]
May  1 05:39:56 seax kernel: [    0.251063] pci 0000:00:0d.0: reg 0x24: [mem 0xf0842000-0xf0843fff]
May  1 05:39:56 seax kernel: [    0.252014] pci_bus 0000:00: on NUMA node 0
May  1 05:39:56 seax kernel: [    0.253277] ACPI: PCI Interrupt Link [LNKA] (IRQs 5 9 10 *11)
May  1 05:39:56 seax kernel: [    0.253519] ACPI: PCI Interrupt Link [LNKB] (IRQs 5 9 *10 11)
May  1 05:39:56 seax kernel: [    0.253611] ACPI: PCI Interrupt Link [LNKC] (IRQs 5 *9 10 11)
May  1 05:39:56 seax kernel: [    0.253797] ACPI: PCI Interrupt Link [LNKD] (IRQs 5 9 10 *11)
May  1 05:39:56 seax kernel: [    0.253931] ACPI: Enabled 2 GPEs in block 00 to 07
May  1 05:39:56 seax kernel: [    0.254046] vgaarb: setting as boot device: PCI:0000:00:02.0
May  1 05:39:56 seax kernel: [    0.254048] vgaarb: device added: PCI:0000:00:02.0,decodes=io+mem,owns=io+mem,locks=none
May  1 05:39:56 seax kernel: [    0.254050] vgaarb: loaded
May  1 05:39:56 seax kernel: [    0.254051] vgaarb: bridge control possible 0000:00:02.0
May  1 05:39:56 seax kernel: [    0.254152] PCI: Using ACPI for IRQ routing
May  1 05:39:56 seax kernel: [    0.254154] PCI: pci_cache_line_size set to 64 bytes
May  1 05:39:56 seax kernel: [    0.254374] e820: reserve RAM buffer [mem 0x0009fc00-0x0009ffff]
May  1 05:39:56 seax kernel: [    0.254379] e820: reserve RAM buffer [mem 0x0fff0000-0x0fffffff]
May  1 05:39:56 seax kernel: [    0.254554] clocksource: Switched to clocksource kvm-clock
May  1 05:39:56 seax kernel: [    0.262168] VFS: Disk quotas dquot_6.6.0
May  1 05:39:56 seax kernel: [    0.262181] VFS: Dquot-cache hash table entries: 1024 (order 0, 4096 bytes)
May  1 05:39:56 seax kernel: [    0.262245] pnp: PnP ACPI init
May  1 05:39:56 seax kernel: [    0.262309] pnp 00:00: Plug and Play ACPI device, IDs PNP0303 (active)
May  1 05:39:56 seax kernel: [    0.262377] pnp 00:01: Plug and Play ACPI device, IDs PNP0f03 (active)
May  1 05:39:56 seax kernel: [    0.263047] pnp: PnP ACPI: found 2 devices
May  1 05:39:56 seax kernel: [    0.263052] PnPBIOS: Disabled by ACPI PNP
May  1 05:39:56 seax kernel: [    0.299068] clocksource: acpi_pm: mask: 0xffffff max_cycles: 0xffffff, max_idle_ns: 2085701024 ns
May  1 05:39:56 seax kernel: [    0.299080] pci_bus 0000:00: resource 4 [io  0x0000-0xffff]
May  1 05:39:56 seax kernel: [    0.299081] pci_bus 0000:00: resource 5 [mem 0x00000000-0xffffffff]
May  1 05:39:56 seax kernel: [    0.299134] NET: Registered protocol family 2
May  1 05:39:56 seax kernel: [    0.299313] TCP established hash table entries: 2048 (order: 1, 8192 bytes)
May  1 05:39:56 seax kernel: [    0.299316] TCP bind hash table entries: 2048 (order: 2, 16384 bytes)
May  1 05:39:56 seax kernel: [    0.299319] TCP: Hash tables configured (established 2048 bind 2048)
May  1 05:39:56 seax kernel: [    0.299326] UDP hash table entries: 256 (order: 1, 8192 bytes)
May  1 05:39:56 seax kernel: [    0.299331] UDP-Lite hash table entries: 256 (order: 1, 8192 bytes)
May  1 05:39:56 seax kernel: [    0.299353] NET: Registered protocol family 1
May  1 05:39:56 seax kernel: [    0.299368] pci 0000:00:00.0: Limiting direct PCI/PCI transfers
May  1 05:39:56 seax kernel: [    0.299401] pci 0000:00:01.0: Activating ISA DMA hang workarounds
May  1 05:39:56 seax kernel: [    0.299452] pci 0000:00:02.0: Video device with shadowed ROM at [mem 0x000c0000-0x000dffff]
May  1 05:39:56 seax kernel: [    0.300456] ACPI: PCI Interrupt Link [LNKB] enabled at IRQ 10
May  1 05:39:56 seax kernel: [    0.300457] PCI: setting IRQ 10 as level-triggered
May  1 05:39:56 seax kernel: [    0.302106] ACPI: PCI Interrupt Link [LNKC] enabled at IRQ 9
May  1 05:39:56 seax kernel: [    0.302107] PCI: setting IRQ 9 as level-triggered
May  1 05:39:56 seax kernel: [    0.302769] PCI: CLS 0 bytes, default 64
May  1 05:39:56 seax kernel: [    0.302870] Unpacking initramfs...
May  1 05:39:56 seax kernel: [    0.599471] Freeing initrd memory: 16688K
May  1 05:39:56 seax kernel: [    0.599596] platform rtc_cmos: registered platform RTC device (no PNP device found)
May  1 05:39:56 seax kernel: [    0.599799] audit: initializing netlink subsys (disabled)
May  1 05:39:56 seax kernel: [    0.599811] audit: type=2000 audit(1525291148.655:1): initialized
May  1 05:39:56 seax kernel: [    0.600081] workingset: timestamp_bits=14 max_order=16 bucket_order=2
May  1 05:39:56 seax kernel: [    0.600092] zbud: loaded
May  1 05:39:56 seax kernel: [    0.600470] Block layer SCSI generic (bsg) driver version 0.4 loaded (major 250)
May  1 05:39:56 seax kernel: [    0.600489] io scheduler noop registered
May  1 05:39:56 seax kernel: [    0.600490] io scheduler deadline registered
May  1 05:39:56 seax kernel: [    0.600498] io scheduler cfq registered (default)
May  1 05:39:56 seax kernel: [    0.600556] pci_hotplug: PCI Hot Plug PCI Core version: 0.5
May  1 05:39:56 seax kernel: [    0.600560] pciehp: PCI Express Hot Plug Controller Driver version: 0.4
May  1 05:39:56 seax kernel: [    0.600588] GHES: HEST is not enabled!
May  1 05:39:56 seax kernel: [    0.600600] isapnp: Scanning for PnP cards...
May  1 05:39:56 seax kernel: [    0.960706] isapnp: No Plug & Play device found
May  1 05:39:56 seax kernel: [    0.960785] Serial: 8250/16550 driver, 4 ports, IRQ sharing enabled
May  1 05:39:56 seax kernel: [    0.961215] Linux agpgart interface v0.103
May  1 05:39:56 seax kernel: [    0.961452] i8042: PNP: PS/2 Controller [PNP0303:PS2K,PNP0f03:PS2M] at 0x60,0x64 irq 1,12
May  1 05:39:56 seax kernel: [    0.961808] serio: i8042 KBD port at 0x60,0x64 irq 1
May  1 05:39:56 seax kernel: [    0.961812] serio: i8042 AUX port at 0x60,0x64 irq 12
May  1 05:39:56 seax kernel: [    0.961979] mousedev: PS/2 mouse device common for all mice
May  1 05:39:56 seax kernel: [    0.962280] input: AT Translated Set 2 keyboard as /devices/platform/i8042/serio0/input/input0
May  1 05:39:56 seax kernel: [    0.962689] rtc_cmos rtc_cmos: rtc core: registered rtc_cmos as rtc0
May  1 05:39:56 seax kernel: [    0.962712] rtc_cmos rtc_cmos: alarms up to one day, 114 bytes nvram
May  1 05:39:56 seax kernel: [    0.962730] ledtrig-cpu: registered to indicate activity on CPUs
May  1 05:39:56 seax kernel: [    0.962978] NET: Registered protocol family 10
May  1 05:39:56 seax kernel: [    0.963133] mip6: Mobile IPv6
May  1 05:39:56 seax kernel: [    0.963135] NET: Registered protocol family 17
May  1 05:39:56 seax kernel: [    0.963136] mpls_gso: MPLS GSO support
May  1 05:39:56 seax kernel: [    0.963235] Using IPI No-Shortcut mode
May  1 05:39:56 seax kernel: [    0.963316] registered taskstats version 1
May  1 05:39:56 seax kernel: [    0.963324] zswap: loaded using pool lzo/zbud
May  1 05:39:56 seax kernel: [    0.963401] ima: No TPM chip found, activating TPM-bypass!
May  1 05:39:56 seax kernel: [    0.963778] rtc_cmos rtc_cmos: setting system clock to 2018-04-27 18:08:28 UTC (1524852508)
May  1 05:39:56 seax kernel: [    0.963864] PM: Hibernation image not present or could not be loaded.
May  1 05:39:56 seax kernel: [    0.963985] Freeing unused kernel memory: 716K
May  1 05:39:56 seax kernel: [    0.964012] Write protecting the kernel text: 5728k
May  1 05:39:56 seax kernel: [    0.964039] Write protecting the kernel read-only data: 1708k
May  1 05:39:56 seax kernel: [    0.976475] random: udevadm: uninitialized urandom read (16 bytes read)
May  1 05:39:56 seax kernel: [    0.976683] random: udevadm: uninitialized urandom read (16 bytes read)
May  1 05:39:56 seax kernel: [    0.977047] random: udevadm: uninitialized urandom read (16 bytes read)
May  1 05:39:56 seax kernel: [    0.977114] random: udevadm: uninitialized urandom read (16 bytes read)
May  1 05:39:56 seax kernel: [    0.977342] random: udevadm: uninitialized urandom read (16 bytes read)
May  1 05:39:56 seax kernel: [    0.977405] random: udevadm: uninitialized urandom read (16 bytes read)
May  1 05:39:56 seax kernel: [    0.977461] random: udevadm: uninitialized urandom read (16 bytes read)
May  1 05:39:56 seax kernel: [    0.977515] random: udevadm: uninitialized urandom read (16 bytes read)
May  1 05:39:56 seax kernel: [    0.977629] random: udevadm: uninitialized urandom read (16 bytes read)
May  1 05:39:56 seax kernel: [    0.977685] random: udevadm: uninitialized urandom read (16 bytes read)
May  1 05:39:56 seax kernel: [    0.997835] SCSI subsystem initialized
May  1 05:39:56 seax kernel: [    1.002564] e1000: Intel(R) PRO/1000 Network Driver - version 7.3.21-k8-NAPI
May  1 05:39:56 seax kernel: [    1.002565] e1000: Copyright (c) 1999-2006 Intel Corporation.
May  1 05:39:56 seax kernel: [    1.016027] ACPI: bus type USB registered
May  1 05:39:56 seax kernel: [    1.016049] usbcore: registered new interface driver usbfs
May  1 05:39:56 seax kernel: [    1.016057] usbcore: registered new interface driver hub
May  1 05:39:56 seax kernel: [    1.016300] usbcore: registered new device driver usb
May  1 05:39:56 seax kernel: [    1.016988] ehci_hcd: USB 2.0 'Enhanced' Host Controller (EHCI) Driver
May  1 05:39:56 seax kernel: [    1.017179] ehci-pci: EHCI PCI platform driver
May  1 05:39:56 seax kernel: [    1.017630] ohci_hcd: USB 1.1 'Open' Host Controller (OHCI) Driver
May  1 05:39:56 seax kernel: [    1.024656] libata version 3.00 loaded.
May  1 05:39:56 seax kernel: [    1.233321] psmouse serio1: hgpk: ID: 10 00 64
May  1 05:39:56 seax kernel: [    1.241060] input: ImExPS/2 Generic Explorer Mouse as /devices/platform/i8042/serio1/input/input2
May  1 05:39:56 seax kernel: [    1.420501] e1000 0000:00:03.0 eth0: (PCI:33MHz:32-bit) 08:00:27:10:02:02
May  1 05:39:56 seax kernel: [    1.420505] e1000 0000:00:03.0 eth0: Intel(R) PRO/1000 Network Connection
May  1 05:39:56 seax kernel: [    1.420610] piix4_smbus 0000:00:07.0: SMBus Host Controller at 0x4100, revision 0
May  1 05:39:56 seax kernel: [    1.421379] ehci-pci 0000:00:0b.0: EHCI Host Controller
May  1 05:39:56 seax kernel: [    1.421385] ehci-pci 0000:00:0b.0: new USB bus registered, assigned bus number 1
May  1 05:39:56 seax kernel: [    1.421593] ehci-pci 0000:00:0b.0: irq 9, io mem 0xf0840000
May  1 05:39:56 seax kernel: [    1.435477] ehci-pci 0000:00:0b.0: USB 2.0 started, EHCI 1.00
May  1 05:39:56 seax kernel: [    1.435537] usb usb1: New USB device found, idVendor=1d6b, idProduct=0002
May  1 05:39:56 seax kernel: [    1.435538] usb usb1: New USB device strings: Mfr=3, Product=2, SerialNumber=1
May  1 05:39:56 seax kernel: [    1.435540] usb usb1: Product: EHCI Host Controller
May  1 05:39:56 seax kernel: [    1.435541] usb usb1: Manufacturer: Linux 4.9.0-6-686 ehci_hcd
May  1 05:39:56 seax kernel: [    1.435542] usb usb1: SerialNumber: 0000:00:0b.0
May  1 05:39:56 seax kernel: [    1.435820] hub 1-0:1.0: USB hub found
May  1 05:39:56 seax kernel: [    1.435903] hub 1-0:1.0: 12 ports detected
May  1 05:39:56 seax kernel: [    1.436139] ahci 0000:00:0d.0: version 3.0
May  1 05:39:56 seax kernel: [    1.437573] ACPI: PCI Interrupt Link [LNKA] enabled at IRQ 11
May  1 05:39:56 seax kernel: [    1.437576] PCI: setting IRQ 11 as level-triggered
May  1 05:39:56 seax kernel: [    1.437684] ahci 0000:00:0d.0: SSS flag set, parallel bus scan disabled
May  1 05:39:56 seax kernel: [    1.437879] ahci 0000:00:0d.0: AHCI 0001.0100 32 slots 1 ports 3 Gbps 0x1 impl SATA mode
May  1 05:39:56 seax kernel: [    1.437882] ahci 0000:00:0d.0: flags: 64bit ncq stag only ccc 
May  1 05:39:56 seax kernel: [    1.438473] ohci-pci: OHCI PCI platform driver
May  1 05:39:56 seax kernel: [    1.440481] scsi host0: ahci
May  1 05:39:56 seax kernel: [    1.440581] ata1: SATA max UDMA/133 abar m8192@0xf0842000 port 0xf0842100 irq 11
May  1 05:39:56 seax kernel: [    1.440800] ata_piix 0000:00:01.1: version 2.13
May  1 05:39:56 seax kernel: [    1.442182] scsi host1: ata_piix
May  1 05:39:56 seax kernel: [    1.442494] scsi host2: ata_piix
May  1 05:39:56 seax kernel: [    1.442565] ata2: PATA max UDMA/33 cmd 0x1f0 ctl 0x3f6 bmdma 0xd000 irq 14
May  1 05:39:56 seax kernel: [    1.442567] ata3: PATA max UDMA/33 cmd 0x170 ctl 0x376 bmdma 0xd008 irq 15
May  1 05:39:56 seax kernel: [    1.444125] ACPI: PCI Interrupt Link [LNKD] enabled at IRQ 11
May  1 05:39:56 seax kernel: [    1.607567] tsc: Refined TSC clocksource calibration: 2494.702 MHz
May  1 05:39:56 seax kernel: [    1.607572] clocksource: tsc: mask: 0xffffffffffffffff max_cycles: 0x23f5acffd1f, max_idle_ns: 440795226011 ns
May  1 05:39:56 seax kernel: [    1.607694] ata3.00: ATAPI: VBOX CD-ROM, 1.0, max UDMA/133
May  1 05:39:56 seax kernel: [    1.608144] ata3.00: configured for UDMA/33
May  1 05:39:56 seax kernel: [    1.755791] ata1: SATA link up 3.0 Gbps (SStatus 123 SControl 300)
May  1 05:39:56 seax kernel: [    1.756038] ata1.00: ATA-6: VBOX HARDDISK, 1.0, max UDMA/133
May  1 05:39:56 seax kernel: [    1.756040] ata1.00: 8388608 sectors, multi 128: LBA48 NCQ (depth 31/32)
May  1 05:39:56 seax kernel: [    1.760488] ata1.00: configured for UDMA/133
May  1 05:39:56 seax kernel: [    1.769807] scsi 0:0:0:0: Direct-Access     ATA      VBOX HARDDISK    1.0  PQ: 0 ANSI: 5
May  1 05:39:56 seax kernel: [    1.770735] scsi 2:0:0:0: CD-ROM            VBOX     CD-ROM           1.0  PQ: 0 ANSI: 5
May  1 05:39:56 seax kernel: [    1.777988] sd 0:0:0:0: [sda] 8388608 512-byte logical blocks: (4.29 GB/4.00 GiB)
May  1 05:39:56 seax kernel: [    1.778014] sd 0:0:0:0: [sda] Write Protect is off
May  1 05:39:56 seax kernel: [    1.778016] sd 0:0:0:0: [sda] Mode Sense: 00 3a 00 00
May  1 05:39:56 seax kernel: [    1.778027] sd 0:0:0:0: [sda] Write cache: enabled, read cache: enabled, doesn't support DPO or FUA
May  1 05:39:56 seax kernel: [    1.788216]  sda: sda1 sda2 < sda5 >
May  1 05:39:56 seax kernel: [    1.789017] sd 0:0:0:0: [sda] Attached SCSI disk
May  1 05:39:56 seax kernel: [    1.825680] random: fast init done
May  1 05:39:56 seax kernel: [    1.869761] e1000 0000:00:08.0 eth1: (PCI:33MHz:32-bit) 08:00:27:10:03:01
May  1 05:39:56 seax kernel: [    1.869764] e1000 0000:00:08.0 eth1: Intel(R) PRO/1000 Network Connection
May  1 05:39:56 seax kernel: [    1.871066] ohci-pci 0000:00:06.0: OHCI PCI host controller
May  1 05:39:56 seax kernel: [    1.871078] ohci-pci 0000:00:06.0: new USB bus registered, assigned bus number 2
May  1 05:39:56 seax kernel: [    1.871127] ohci-pci 0000:00:06.0: irq 10, io mem 0xf0804000
May  1 05:39:56 seax kernel: [    1.932190] usb usb2: New USB device found, idVendor=1d6b, idProduct=0001
May  1 05:39:56 seax kernel: [    1.932192] usb usb2: New USB device strings: Mfr=3, Product=2, SerialNumber=1
May  1 05:39:56 seax kernel: [    1.932193] usb usb2: Product: OHCI PCI host controller
May  1 05:39:56 seax kernel: [    1.932195] usb usb2: Manufacturer: Linux 4.9.0-6-686 ohci_hcd
May  1 05:39:56 seax kernel: [    1.932196] usb usb2: SerialNumber: 0000:00:06.0
May  1 05:39:56 seax kernel: [    1.932661] hub 2-0:1.0: USB hub found
May  1 05:39:56 seax kernel: [    1.932677] hub 2-0:1.0: 12 ports detected
May  1 05:39:56 seax kernel: [    1.947784] sr 2:0:0:0: [sr0] scsi3-mmc drive: 32x/32x xa/form2 tray
May  1 05:39:56 seax kernel: [    1.947785] cdrom: Uniform CD-ROM driver Revision: 3.20
May  1 05:39:56 seax kernel: [    1.948329] sr 2:0:0:0: Attached scsi CD-ROM sr0
May  1 05:39:56 seax kernel: [    2.071348] PM: Starting manual resume from disk
May  1 05:39:56 seax kernel: [    2.071367] PM: Hibernation image partition 8:5 present
May  1 05:39:56 seax kernel: [    2.071368] PM: Looking for hibernation image.
May  1 05:39:56 seax kernel: [    2.071964] PM: Image not found (code -22)
May  1 05:39:56 seax kernel: [    2.071965] PM: Hibernation image not present or could not be loaded.
May  1 05:39:56 seax kernel: [    2.120774] EXT4-fs (sda1): mounted filesystem with ordered data mode. Opts: (null)
May  1 05:39:56 seax kernel: [    2.271813] ip_tables: (C) 2000-2006 Netfilter Core Team
May  1 05:39:56 seax kernel: [    2.358756] usb 2-1: new full-speed USB device number 2 using ohci-pci
May  1 05:39:56 seax kernel: [    2.498514] EXT4-fs (sda1): re-mounted. Opts: errors=remount-ro
May  1 05:39:56 seax kernel: [    2.670441] usb 2-1: New USB device found, idVendor=80ee, idProduct=0021
May  1 05:39:56 seax kernel: [    2.670444] usb 2-1: New USB device strings: Mfr=1, Product=3, SerialNumber=0
May  1 05:39:56 seax kernel: [    2.670445] usb 2-1: Product: USB Tablet
May  1 05:39:56 seax kernel: [    2.670446] usb 2-1: Manufacturer: VirtualBox
May  1 05:39:56 seax kernel: [    2.724852] input: Power Button as /devices/LNXSYSTM:00/LNXPWRBN:00/input/input3
May  1 05:39:56 seax kernel: [    2.724856] ACPI: Power Button [PWRF]
May  1 05:39:56 seax kernel: [    2.724942] input: Sleep Button as /devices/LNXSYSTM:00/LNXSLPBN:00/input/input4
May  1 05:39:56 seax kernel: [    2.724944] ACPI: Sleep Button [SLPF]
May  1 05:39:56 seax kernel: [    2.736293] ACPI: AC Adapter [AC] (on-line)
May  1 05:39:56 seax kernel: [    2.740300] ACPI: Battery Slot [BAT0] (battery present)
May  1 05:39:56 seax kernel: [    2.740814] ACPI: Video Device [GFX0] (multi-head: yes  rom: no  post: no)
May  1 05:39:56 seax kernel: [    2.740898] input: Video Bus as /devices/LNXSYSTM:00/LNXSYBUS:00/PNP0A03:00/LNXVIDEO:00/input/input5
May  1 05:39:56 seax kernel: [    2.756883] hidraw: raw HID events driver (C) Jiri Kosina
May  1 05:39:56 seax kernel: [    2.763539] e1000 0000:00:03.0 eth-dmz: renamed from eth0
May  1 05:39:56 seax kernel: [    2.770752] sd 0:0:0:0: Attached scsi generic sg0 type 0
May  1 05:39:56 seax kernel: [    2.770798] sr 2:0:0:0: Attached scsi generic sg1 type 5
May  1 05:39:56 seax kernel: [    2.775035] e1000 0000:00:08.0 eth-clients: renamed from eth1
May  1 05:39:56 seax kernel: [    2.778255] usbcore: registered new interface driver usbhid
May  1 05:39:56 seax kernel: [    2.778256] usbhid: USB HID core driver
May  1 05:39:56 seax kernel: [    2.795308] input: PC Speaker as /devices/platform/pcspkr/input/input6
May  1 05:39:56 seax kernel: [    2.810785] RAPL PMU: API unit is 2^-32 Joules, 5 fixed counters, 10737418240 ms ovfl timer
May  1 05:39:56 seax kernel: [    2.810786] RAPL PMU: hw unit of domain pp0-core 2^-0 Joules
May  1 05:39:56 seax kernel: [    2.810787] RAPL PMU: hw unit of domain package 2^-0 Joules
May  1 05:39:56 seax kernel: [    2.810788] RAPL PMU: hw unit of domain dram 2^-0 Joules
May  1 05:39:56 seax kernel: [    2.810788] RAPL PMU: hw unit of domain pp1-gpu 2^-0 Joules
May  1 05:39:56 seax kernel: [    2.810789] RAPL PMU: hw unit of domain psys 2^-0 Joules
May  1 05:39:56 seax kernel: [    2.991910] input: VirtualBox USB Tablet as /devices/pci0000:00/0000:00:06.0/usb2/2-1/2-1:1.0/0003:80EE:0021.0001/input/input7
May  1 05:39:56 seax kernel: [    2.992227] hid-generic 0003:80EE:0021.0001: input,hidraw0: USB HID v1.10 Mouse [VirtualBox USB Tablet] on usb-0000:00:06.0-1/input0
May  1 05:39:56 seax kernel: [    3.029014] Adding 522236k swap on /dev/sda5.  Priority:-1 extents:1 across:522236k FS
May  1 05:39:56 seax kernel: [    3.623668] IPv6: ADDRCONF(NETDEV_UP): eth-clients: link is not ready
May  1 05:39:56 seax kernel: [    3.635258] e1000: eth-dmz NIC Link is Up 1000 Mbps Full Duplex, Flow Control: RX
May  1 05:39:56 seax kernel: [    3.636553] IPv6: ADDRCONF(NETDEV_UP): eth-dmz: link is not ready
May  1 05:39:56 seax kernel: [    3.636569] IPv6: ADDRCONF(NETDEV_CHANGE): eth-dmz: link becomes ready
May  1 05:39:56 seax kernel: [    3.688428] snd_intel8x0 0000:00:05.0: white list rate for 1028:0177 is 48000
May  1 05:39:56 seax systemd-udevd[193]: Network interface NamePolicy= disabled on kernel command line, ignoring.
May  1 05:39:56 seax systemd[1]: Starting Flush Journal to Persistent Storage...
May  1 05:39:56 seax systemd[1]: Started Flush Journal to Persistent Storage.
May  1 05:39:56 seax systemd[1]: Started udev Coldplug all Devices.
May  1 05:39:56 seax systemd[1]: Found device 82540EM Gigabit Ethernet Controller (PRO/1000 MT Desktop Adapter).
May  1 05:39:56 seax systemd[1]: Found device 82540EM Gigabit Ethernet Controller (PRO/1000 MT Desktop Adapter).
May  1 05:39:56 seax systemd[1]: Found device VBOX_HARDDISK 5.
May  1 05:39:56 seax systemd[1]: Activating swap /dev/disk/by-uuid/8d6f2842-03b9-4611-9caa-db73d28fcabb...
May  1 05:39:56 seax systemd[1]: Activated swap /dev/disk/by-uuid/8d6f2842-03b9-4611-9caa-db73d28fcabb.
May  1 05:39:56 seax systemd[1]: Reached target Swap.
May  1 05:39:56 seax systemd[1]: Started Set the console keyboard layout.
May  1 05:39:56 seax systemd[1]: Reached target Local File Systems (Pre).
May  1 05:39:56 seax systemd[1]: Reached target Local File Systems.
May  1 05:39:56 seax systemd[1]: Starting Create Volatile Files and Directories...
May  1 05:39:56 seax systemd[1]: Started ifup for eth-dmz.
May  1 05:39:56 seax systemd[1]: Starting Raise network interfaces...
May  1 05:39:56 seax systemd[1]: Started ifup for eth-clients.
May  1 05:39:56 seax systemd[1]: Starting Set console font and keymap...
May  1 05:39:56 seax systemd[1]: Started Create Volatile Files and Directories.
May  1 05:39:56 seax systemd[1]: Starting Network Time Synchronization...
May  1 05:39:56 seax systemd[1]: Starting Update UTMP about System Boot/Shutdown...
May  1 05:39:56 seax systemd[1]: Started Set console font and keymap.
May  1 05:39:56 seax systemd[1]: Started Update UTMP about System Boot/Shutdown.
May  1 05:39:56 seax systemd-timesyncd[274]: System clock time unset or jumped backwards, restoring from recorded timestamp: Tue 2018-05-01 05:39:56 EDT
May  1 05:39:56 seax systemd[1]: Time has been changed
May  1 05:39:56 seax systemd[1]: Started Network Time Synchronization.
May  1 05:39:56 seax systemd[1]: Reached target System Time Synchronized.
May  1 05:39:56 seax systemd[1]: Reached target System Initialization.
May  1 05:39:56 seax systemd[1]: anacron.timer: Adding 2min 40.741911s random time.
May  1 05:39:56 seax systemd[1]: Started Trigger anacron every hour.
May  1 05:39:56 seax systemd[1]: Listening on D-Bus System Message Bus Socket.
May  1 05:39:56 seax systemd[1]: Reached target Sockets.
May  1 05:39:56 seax systemd[1]: Reached target Basic System.
May  1 05:39:56 seax systemd[1]: Started Run anacron jobs.
May  1 05:39:56 seax systemd[1]: anacron.timer: Adding 3min 9.615688s random time.
May  1 05:39:56 seax systemd[1]: anacron.timer: Adding 3min 22.992244s random time.
May  1 05:39:56 seax systemd[1]: Started irqbalance daemon.
May  1 05:39:56 seax systemd[1]: Starting Login Service...
May  1 05:39:56 seax anacron[298]: Anacron 2.3 started on 2018-05-01
May  1 05:39:56 seax systemd[1]: Started Daily Cleanup of Temporary Directories.
May  1 05:39:56 seax systemd[1]: apt-daily.timer: Adding 1h 2min 42.820330s random time.
May  1 05:39:56 seax systemd[1]: Started Daily apt download activities.
May  1 05:39:56 seax anacron[298]: Normal exit (0 jobs run)
May  1 05:39:56 seax systemd[1]: apt-daily-upgrade.timer: Adding 34min 48.306595s random time.
May  1 05:39:56 seax systemd[1]: Started Daily apt upgrade and clean activities.
May  1 05:39:56 seax systemd[1]: Reached target Timers.
May  1 05:39:56 seax systemd[1]: Started Regular background program processing daemon.
May  1 05:39:56 seax systemd[1]: Starting System Logging Service...
May  1 05:39:56 seax systemd[1]: Started D-Bus System Message Bus.
May  1 05:39:56 seax cron[305]: (CRON) INFO (pidfile fd = 3)
May  1 05:39:56 seax cron[305]: (CRON) INFO (Running @reboot jobs)
May  1 05:39:56 seax /usr/sbin/irqbalance: Balancing is ineffective on systems with a single cpu.  Shutting down
May  1 05:39:56 seax liblogging-stdlog:  [origin software="rsyslogd" swVersion="8.24.0" x-pid="307" x-info="http://www.rsyslog.com"] start
May  1 05:39:56 seax sh[256]: RTNETLINK answers: File exists
May  1 05:39:56 seax sh[256]: run-parts: /etc/network/if-up.d/avahi-autoipd exited with return code 2
May  1 05:39:56 seax sh[256]: ifup: failed to bring up eth-clients
May  1 05:39:56 seax systemd[1]: Started System Logging Service.
May  1 05:39:56 seax systemd[1]: ifup@eth\x2dclients.service: Main process exited, code=exited, status=1/FAILURE
May  1 05:39:56 seax systemd[1]: anacron.timer: Adding 50.907779s random time.
May  1 05:39:56 seax systemd[1]: Started Login Service.
May  1 05:39:56 seax systemd[1]: Reached target Sound Card.
May  1 05:39:56 seax sh[253]: eth-dmz=eth-dmz
May  1 05:39:56 seax systemd[1]: Started Raise network interfaces.
May  1 05:39:56 seax systemd[1]: Reached target Network.
May  1 05:39:56 seax systemd[1]: Starting OpenBSD Secure Shell server...
May  1 05:39:56 seax systemd[1]: Reached target Network is Online.
May  1 05:39:56 seax systemd[1]: Starting LSB: exim Mail Transport Agent...
May  1 05:39:56 seax systemd[1]: Starting Permit User Sessions...
May  1 05:39:56 seax systemd[1]: Started Permit User Sessions.
May  1 05:39:56 seax systemd[1]: Started Getty on tty1.
May  1 05:39:56 seax systemd[1]: Reached target Login Prompts.
May  1 05:39:56 seax systemd[1]: Started OpenBSD Secure Shell server.
May  1 05:39:57 seax exim4[374]: Starting MTA: exim4.
May  1 05:39:57 seax systemd[1]: Started LSB: exim Mail Transport Agent.
May  1 05:39:57 seax systemd[1]: Reached target Multi-User System.
May  1 05:39:57 seax systemd[1]: Reached target Graphical Interface.
May  1 05:39:57 seax systemd[1]: Starting Update UTMP about System Runlevel Changes...
May  1 05:39:57 seax systemd[1]: Started Update UTMP about System Runlevel Changes.
May  1 05:39:57 seax systemd[1]: Startup finished in 2.066s (kernel) + 2.179s (userspace) = 4.246s.
May  1 05:39:58 seax kernel: [    5.640198] e1000: eth-clients NIC Link is Up 1000 Mbps Full Duplex, Flow Control: RX
May  1 05:39:58 seax kernel: [    5.640515] IPv6: ADDRCONF(NETDEV_CHANGE): eth-clients: link becomes ready
May  1 05:39:59 seax kernel: [    6.792413] random: crng init done
May  1 05:40:39 seax systemd-timesyncd[274]: Synchronized to time server 213.251.52.234:123 (2.debian.pool.ntp.org).
May  1 05:40:39 seax systemd[1]: Time has been changed
May  1 05:40:39 seax systemd[1]: anacron.timer: Adding 2min 26.419860s random time.
May  1 05:40:39 seax systemd[1]: apt-daily-upgrade.timer: Adding 41min 32.784430s random time.
May  1 05:40:39 seax systemd[1]: apt-daily.timer: Adding 3h 47min 23.890906s random time.
May  1 05:47:34 seax systemd[1]: Created slice User Slice of entel.
May  1 05:47:34 seax systemd[1]: Starting User Manager for UID 1000...
May  1 05:47:34 seax systemd[1]: Started Session 1 of user entel.
May  1 05:47:34 seax systemd[637]: Listening on GnuPG cryptographic agent (ssh-agent emulation).
May  1 05:47:34 seax systemd[637]: Reached target Paths.
May  1 05:47:34 seax systemd[637]: Reached target Timers.
May  1 05:47:34 seax systemd[637]: Listening on GnuPG cryptographic agent and passphrase cache.
May  1 05:47:34 seax systemd[637]: Listening on GnuPG cryptographic agent (access for web browsers).
May  1 05:47:34 seax systemd[637]: Listening on GnuPG cryptographic agent and passphrase cache (restricted).
May  1 05:47:34 seax systemd[637]: Reached target Sockets.
May  1 05:47:34 seax systemd[637]: Reached target Basic System.
May  1 05:47:34 seax systemd[637]: Reached target Default.
May  1 05:47:34 seax systemd[637]: Startup finished in 25ms.
May  1 05:47:34 seax systemd[1]: Started User Manager for UID 1000.
May  1 05:48:34 seax kernel: [  508.874515] nf_conntrack version 0.5.0 (4096 buckets, 16384 max)
May  1 05:55:51 seax systemd[1]: Starting Cleanup of Temporary Directories...
May  1 05:55:51 seax systemd[1]: Started Cleanup of Temporary Directories.
May  1 06:02:55 seax systemd[1]: Started Run anacron jobs.
May  1 06:02:55 seax anacron[675]: Anacron 2.3 started on 2018-05-01
May  1 06:02:55 seax anacron[675]: Normal exit (0 jobs run)
